nohup: ignoring input
Procesando instancia: archivo_segmetación_Seg_0
  Ejecutando con semilla: 1234567, salida: /home/alazcano/Rescol_NM/Rescol_NM/prueba_automatizada/results_2/archivo_segmetación_Seg_0/archivo_segmetación_Seg_0_1234567.tx  Ejecutando con semilla: 1234568, salida: /home/alazcano/Rescol_NM/Rescol_NM/prueba_automatizada/results/archivo_segmetación_Seg_0/archivo_segmetación_Seg_0_1234568.txt
  Ejecutando con semilla: 1234569, salida: /home/alazcano/Rescol_NM/Rescol_NM/prueba_automatizada/results/archivo_segmetación_Seg_0/archivo_segmetación_Seg_0_1234569.txt
  Ejecutando con semilla: 1234570, salida: /home/alazcano/Rescol_NM/Rescol_NM/prueba_automatizada/results/archivo_segmetación_Seg_0/archivo_segmetación_Seg_0_1234570.txt
  Ejecutando con semilla: 1234571, salida: /home/alazcano/Rescol_NM/Rescol_NM/prueba_automatizada/results/archivo_segmetación_Seg_0/archivo_segmetación_Seg_0_1234571.txt
  Ejecutando con semilla: 1234572, salida: /home/alazcano/Rescol_NM/Rescol_NM/prueba_automatizada/results/archivo_segmetación_Seg_0/archivo_segmetación_Seg_0_1234572.txt
  Ejecutando con semilla: 1234573, salida: /home/alazcano/Rescol_NM/Rescol_NM/prueba_automatizada/results/archivo_segmetación_Seg_0/archivo_segmetación_Seg_0_1234573.txt
  Ejecutando con semilla: 1234574, salida: /home/alazcano/Rescol_NM/Rescol_NM/prueba_automatizada/results/archivo_segmetación_Seg_0/archivo_segmetación_Seg_0_1234574.txt
  Ejecutando con semilla: 1234575, salida: /home/alazcano/Rescol_NM/Rescol_NM/prueba_automatizada/results/archivo_segmetación_Seg_0/archivo_segmetación_Seg_0_1234575.txt
  Ejecutando con semilla: 1234576, salida: /home/alazcano/Rescol_NM/Rescol_NM/prueba_automatizada/results/archivo_segmetación_Seg_0/archivo_segmetación_Seg_0_1234576.txt
  Ejecutando con semilla: 1234577, salida: /home/alazcano/Rescol_NM/Rescol_NM/prueba_automatizada/results/archivo_segmetación_Seg_0/archivo_segmetación_Seg_0_1234577.txt
  Ejecutando con semilla: 1234578, salida: /home/alazcano/Rescol_NM/Rescol_NM/prueba_automatizada/results/archivo_segmetación_Seg_0/archivo_segmetación_Seg_0_1234578.txt
  Ejecutando con semilla: 1234579, salida: /home/alazcano/Rescol_NM/Rescol_NM/prueba_automatizada/results/archivo_segmetación_Seg_0/archivo_segmetación_Seg_0_1234579.txt
  Ejecutando con semilla: 1234580, salida: /home/alazcano/Rescol_NM/Rescol_NM/prueba_automatizada/results/archivo_segmetación_Seg_0/archivo_segmetación_Seg_0_1234580.txt
  Ejecutando con semilla: 1234581, salida: /home/alazcano/Rescol_NM/Rescol_NM/prueba_automatizada/results/archivo_segmetación_Seg_0/archivo_segmetación_Seg_0_1234581.txt
  Ejecutando con semilla: 1234582, salida: /home/alazcano/Rescol_NM/Rescol_NM/prueba_automatizada/results/archivo_segmetación_Seg_0/archivo_segmetación_Seg_0_1234582.txt
  Ejecutando con semilla: 1234583, salida: /home/alazcano/Rescol_NM/Rescol_NM/prueba_automatizada/results/archivo_segmetación_Seg_0/archivo_segmetación_Seg_0_1234583.txt
  Ejecutando con semilla: 1234584, salida: /home/alazcano/Rescol_NM/Rescol_NM/prueba_automatizada/results/archivo_segmetación_Seg_0/archivo_segmetación_Seg_0_1234584.txt
  Ejecutando con semilla: 1234585, salida: /home/alazcano/Rescol_NM/Rescol_NM/prueba_automatizada/results/archivo_segmetación_Seg_0/archivo_segmetación_Seg_0_1234585.txt
  Ejecutando con semilla: 1234586, salida: /home/alazcano/Rescol_NM/Rescol_NM/prueba_automatizada/results/archivo_segmetación_Seg_0/archivo_segmetación_Seg_0_1234586.txt
Procesando instancia: archivo_segmetación_Seg_10
  Ejecutando con semilla: 1234567, salida: /home/alazcano/Rescol_NM/Rescol_NM/prueba_automatizada/results/archivo_segmetación_Seg_10/archivo_segmetación_Seg_10_1234567.txt
  Ejecutando con semilla: 1234568, salida: /home/alazcano/Rescol_NM/Rescol_NM/prueba_automatizada/results/archivo_segmetación_Seg_10/archivo_segmetación_Seg_10_1234568.txt
  Ejecutando con semilla: 1234569, salida: /home/alazcano/Rescol_NM/Rescol_NM/prueba_automatizada/results/archivo_segmetación_Seg_10/archivo_segmetación_Seg_10_1234569.txt
  Ejecutando con semilla: 1234570, salida: /home/alazcano/Rescol_NM/Rescol_NM/prueba_automatizada/results/archivo_segmetación_Seg_10/archivo_segmetación_Seg_10_1234570.txt
  Ejecutando con semilla: 1234571, salida: /home/alazcano/Rescol_NM/Rescol_NM/prueba_automatizada/results/archivo_segmetación_Seg_10/archivo_segmetación_Seg_10_1234571.txt
  Ejecutando con semilla: 1234572, salida: /home/alazcano/Rescol_NM/Rescol_NM/prueba_automatizada/results/archivo_segmetación_Seg_10/archivo_segmetación_Seg_10_1234572.txt
  Ejecutando con semilla: 1234573, salida: /home/alazcano/Rescol_NM/Rescol_NM/prueba_automatizada/results/archivo_segmetación_Seg_10/archivo_segmetación_Seg_10_1234573.txt
  Ejecutando con semilla: 1234574, salida: /home/alazcano/Rescol_NM/Rescol_NM/prueba_automatizada/results/archivo_segmetación_Seg_10/archivo_segmetación_Seg_10_1234574.txt
  Ejecutando con semilla: 1234575, salida: /home/alazcano/Rescol_NM/Rescol_NM/prueba_automatizada/results/archivo_segmetación_Seg_10/archivo_segmetación_Seg_10_1234575.txt
  Ejecutando con semilla: 1234576, salida: /home/alazcano/Rescol_NM/Rescol_NM/prueba_automatizada/results/archivo_segmetación_Seg_10/archivo_segmetación_Seg_10_1234576.txt
  Ejecutando con semilla: 1234577, salida: /home/alazcano/Rescol_NM/Rescol_NM/prueba_automatizada/results/archivo_segmetación_Seg_10/archivo_segmetación_Seg_10_1234577.txt
  Ejecutando con semilla: 1234578, salida: /home/alazcano/Rescol_NM/Rescol_NM/prueba_automatizada/results/archivo_segmetación_Seg_10/archivo_segmetación_Seg_10_1234578.txt
  Ejecutando con semilla: 1234579, salida: /home/alazcano/Rescol_NM/Rescol_NM/prueba_automatizada/results/archivo_segmetación_Seg_10/archivo_segmetación_Seg_10_1234579.txt
  Ejecutando con semilla: 1234580, salida: /home/alazcano/Rescol_NM/Rescol_NM/prueba_automatizada/results/archivo_segmetación_Seg_10/archivo_segmetación_Seg_10_1234580.txt
  Ejecutando con semilla: 1234581, salida: /home/alazcano/Rescol_NM/Rescol_NM/prueba_automatizada/results/archivo_segmetación_Seg_10/archivo_segmetación_Seg_10_1234581.txt
  Ejecutando con semilla: 1234582, salida: /home/alazcano/Rescol_NM/Rescol_NM/prueba_automatizada/results/archivo_segmetación_Seg_10/archivo_segmetación_Seg_10_1234582.txt
  Ejecutando con semilla: 1234583, salida: /home/alazcano/Rescol_NM/Rescol_NM/prueba_automatizada/results/archivo_segmetación_Seg_10/archivo_segmetación_Seg_10_1234583.txt
  Ejecutando con semilla: 1234584, salida: /home/alazcano/Rescol_NM/Rescol_NM/prueba_automatizada/results/archivo_segmetación_Seg_10/archivo_segmetación_Seg_10_1234584.txt
  Ejecutando con semilla: 1234585, salida: /home/alazcano/Rescol_NM/Rescol_NM/prueba_automatizada/results/archivo_segmetación_Seg_10/archivo_segmetación_Seg_10_1234585.txt
  Ejecutando con semilla: 1234586, salida: /home/alazcano/Rescol_NM/Rescol_NM/prueba_automatizada/results/archivo_segmetación_Seg_10/archivo_segmetación_Seg_10_1234586.txt
Procesando instancia: archivo_segmetación_Seg_11
  Ejecutando con semilla: 1234567, salida: /home/alazcano/Rescol_NM/Rescol_NM/prueba_automatizada/results/archivo_segmetación_Seg_11/archivo_segmetación_Seg_11_1234567.txt
  Ejecutando con semilla: 1234568, salida: /home/alazcano/Rescol_NM/Rescol_NM/prueba_automatizada/results/archivo_segmetación_Seg_11/archivo_segmetación_Seg_11_1234568.txt
  Ejecutando con semilla: 1234569, salida: /home/alazcano/Rescol_NM/Rescol_NM/prueba_automatizada/results/archivo_segmetación_Seg_11/archivo_segmetación_Seg_11_1234569.txt
  Ejecutando con semilla: 1234570, salida: /home/alazcano/Rescol_NM/Rescol_NM/prueba_automatizada/results/archivo_segmetación_Seg_11/archivo_segmetación_Seg_11_1234570.txt
  Ejecutando con semilla: 1234571, salida: /home/alazcano/Rescol_NM/Rescol_NM/prueba_automatizada/results/archivo_segmetación_Seg_11/archivo_segmetación_Seg_11_1234571.txt
  Ejecutando con semilla: 1234572, salida: /home/alazcano/Rescol_NM/Rescol_NM/prueba_automatizada/results/archivo_segmetación_Seg_11/archivo_segmetación_Seg_11_1234572.txt
  Ejecutando con semilla: 1234573, salida: /home/alazcano/Rescol_NM/Rescol_NM/prueba_automatizada/results/archivo_segmetación_Seg_11/archivo_segmetación_Seg_11_1234573.txt
  Ejecutando con semilla: 1234574, salida: /home/alazcano/Rescol_NM/Rescol_NM/prueba_automatizada/results/archivo_segmetación_Seg_11/archivo_segmetación_Seg_11_1234574.txt
  Ejecutando con semilla: 1234575, salida: /home/alazcano/Rescol_NM/Rescol_NM/prueba_automatizada/results/archivo_segmetación_Seg_11/archivo_segmetación_Seg_11_1234575.txt
  Ejecutando con semilla: 1234576, salida: /home/alazcano/Rescol_NM/Rescol_NM/prueba_automatizada/results/archivo_segmetación_Seg_11/archivo_segmetación_Seg_11_1234576.txt
  Ejecutando con semilla: 1234577, salida: /home/alazcano/Rescol_NM/Rescol_NM/prueba_automatizada/results/archivo_segmetación_Seg_11/archivo_segmetación_Seg_11_1234577.txt
  Ejecutando con semilla: 1234578, salida: /home/alazcano/Rescol_NM/Rescol_NM/prueba_automatizada/results/archivo_segmetación_Seg_11/archivo_segmetación_Seg_11_1234578.txt
  Ejecutando con semilla: 1234579, salida: /home/alazcano/Rescol_NM/Rescol_NM/prueba_automatizada/results/archivo_segmetación_Seg_11/archivo_segmetación_Seg_11_1234579.txt
  Ejecutando con semilla: 1234580, salida: /home/alazcano/Rescol_NM/Rescol_NM/prueba_automatizada/results/archivo_segmetación_Seg_11/archivo_segmetación_Seg_11_1234580.txt
  Ejecutando con semilla: 1234581, salida: /home/alazcano/Rescol_NM/Rescol_NM/prueba_automatizada/results/archivo_segmetación_Seg_11/archivo_segmetación_Seg_11_1234581.txt
  Ejecutando con semilla: 1234582, salida: /home/alazcano/Rescol_NM/Rescol_NM/prueba_automatizada/results/archivo_segmetación_Seg_11/archivo_segmetación_Seg_11_1234582.txt
  Ejecutando con semilla: 1234583, salida: /home/alazcano/Rescol_NM/Rescol_NM/prueba_automatizada/results/archivo_segmetación_Seg_11/archivo_segmetación_Seg_11_1234583.txt
  Ejecutando con semilla: 1234584, salida: /home/alazcano/Rescol_NM/Rescol_NM/prueba_automatizada/results/archivo_segmetación_Seg_11/archivo_segmetación_Seg_11_1234584.txt
  Ejecutando con semilla: 1234585, salida: /home/alazcano/Rescol_NM/Rescol_NM/prueba_automatizada/results/archivo_segmetación_Seg_11/archivo_segmetación_Seg_11_1234585.txt
  Ejecutando con semilla: 1234586, salida: /home/alazcano/Rescol_NM/Rescol_NM/prueba_automatizada/results/archivo_segmetación_Seg_11/archivo_segmetación_Seg_11_1234586.txt
Procesando instancia: archivo_segmetación_Seg_12
  Ejecutando con semilla: 1234567, salida: /home/alazcano/Rescol_NM/Rescol_NM/prueba_automatizada/results/archivo_segmetación_Seg_12/archivo_segmetación_Seg_12_1234567.txt
  Ejecutando con semilla: 1234568, salida: /home/alazcano/Rescol_NM/Rescol_NM/prueba_automatizada/results/archivo_segmetación_Seg_12/archivo_segmetación_Seg_12_1234568.txt
  Ejecutando con semilla: 1234569, salida: /home/alazcano/Rescol_NM/Rescol_NM/prueba_automatizada/results/archivo_segmetación_Seg_12/archivo_segmetación_Seg_12_1234569.txt
  Ejecutando con semilla: 1234570, salida: /home/alazcano/Rescol_NM/Rescol_NM/prueba_automatizada/results/archivo_segmetación_Seg_12/archivo_segmetación_Seg_12_1234570.txt
  Ejecutando con semilla: 1234571, salida: /home/alazcano/Rescol_NM/Rescol_NM/prueba_automatizada/results/archivo_segmetación_Seg_12/archivo_segmetación_Seg_12_1234571.txt
  Ejecutando con semilla: 1234572, salida: /home/alazcano/Rescol_NM/Rescol_NM/prueba_automatizada/results/archivo_segmetación_Seg_12/archivo_segmetación_Seg_12_1234572.txt
  Ejecutando con semilla: 1234573, salida: /home/alazcano/Rescol_NM/Rescol_NM/prueba_automatizada/results/archivo_segmetación_Seg_12/archivo_segmetación_Seg_12_1234573.txt
  Ejecutando con semilla: 1234574, salida: /home/alazcano/Rescol_NM/Rescol_NM/prueba_automatizada/results/archivo_segmetación_Seg_12/archivo_segmetación_Seg_12_1234574.txt
  Ejecutando con semilla: 1234575, salida: /home/alazcano/Rescol_NM/Rescol_NM/prueba_automatizada/results/archivo_segmetación_Seg_12/archivo_segmetación_Seg_12_1234575.txt
  Ejecutando con semilla: 1234576, salida: /home/alazcano/Rescol_NM/Rescol_NM/prueba_automatizada/results/archivo_segmetación_Seg_12/archivo_segmetación_Seg_12_1234576.txt
  Ejecutando con semilla: 1234577, salida: /home/alazcano/Rescol_NM/Rescol_NM/prueba_automatizada/results/archivo_segmetación_Seg_12/archivo_segmetación_Seg_12_1234577.txt
  Ejecutando con semilla: 1234578, salida: /home/alazcano/Rescol_NM/Rescol_NM/prueba_automatizada/results/archivo_segmetación_Seg_12/archivo_segmetación_Seg_12_1234578.txt
  Ejecutando con semilla: 1234579, salida: /home/alazcano/Rescol_NM/Rescol_NM/prueba_automatizada/results/archivo_segmetación_Seg_12/archivo_segmetación_Seg_12_1234579.txt
  Ejecutando con semilla: 1234580, salida: /home/alazcano/Rescol_NM/Rescol_NM/prueba_automatizada/results/archivo_segmetación_Seg_12/archivo_segmetación_Seg_12_1234580.txt
  Ejecutando con semilla: 1234581, salida: /home/alazcano/Rescol_NM/Rescol_NM/prueba_automatizada/results/archivo_segmetación_Seg_12/archivo_segmetación_Seg_12_1234581.txt
  Ejecutando con semilla: 1234582, salida: /home/alazcano/Rescol_NM/Rescol_NM/prueba_automatizada/results/archivo_segmetación_Seg_12/archivo_segmetación_Seg_12_1234582.txt
  Ejecutando con semilla: 1234583, salida: /home/alazcano/Rescol_NM/Rescol_NM/prueba_automatizada/results/archivo_segmetación_Seg_12/archivo_segmetación_Seg_12_1234583.txt
  Ejecutando con semilla: 1234584, salida: /home/alazcano/Rescol_NM/Rescol_NM/prueba_automatizada/results/archivo_segmetación_Seg_12/archivo_segmetación_Seg_12_1234584.txt
  Ejecutando con semilla: 1234585, salida: /home/alazcano/Rescol_NM/Rescol_NM/prueba_automatizada/results/archivo_segmetación_Seg_12/archivo_segmetación_Seg_12_1234585.txt
  Ejecutando con semilla: 1234586, salida: /home/alazcano/Rescol_NM/Rescol_NM/prueba_automatizada/results/archivo_segmetación_Seg_12/archivo_segmetación_Seg_12_1234586.txt
Procesando instancia: archivo_segmetación_Seg_13
  Ejecutando con semilla: 1234567, salida: /home/alazcano/Rescol_NM/Rescol_NM/prueba_automatizada/results/archivo_segmetación_Seg_13/archivo_segmetación_Seg_13_1234567.txt
  Ejecutando con semilla: 1234568, salida: /home/alazcano/Rescol_NM/Rescol_NM/prueba_automatizada/results/archivo_segmetación_Seg_13/archivo_segmetación_Seg_13_1234568.txt
  Ejecutando con semilla: 1234569, salida: /home/alazcano/Rescol_NM/Rescol_NM/prueba_automatizada/results/archivo_segmetación_Seg_13/archivo_segmetación_Seg_13_1234569.txt
  Ejecutando con semilla: 1234570, salida: /home/alazcano/Rescol_NM/Rescol_NM/prueba_automatizada/results/archivo_segmetación_Seg_13/archivo_segmetación_Seg_13_1234570.txt
  Ejecutando con semilla: 1234571, salida: /home/alazcano/Rescol_NM/Rescol_NM/prueba_automatizada/results/archivo_segmetación_Seg_13/archivo_segmetación_Seg_13_1234571.txt
  Ejecutando con semilla: 1234572, salida: /home/alazcano/Rescol_NM/Rescol_NM/prueba_automatizada/results/archivo_segmetación_Seg_13/archivo_segmetación_Seg_13_1234572.txt
  Ejecutando con semilla: 1234573, salida: /home/alazcano/Rescol_NM/Rescol_NM/prueba_automatizada/results/archivo_segmetación_Seg_13/archivo_segmetación_Seg_13_1234573.txt
  Ejecutando con semilla: 1234574, salida: /home/alazcano/Rescol_NM/Rescol_NM/prueba_automatizada/results/archivo_segmetación_Seg_13/archivo_segmetación_Seg_13_1234574.txt
  Ejecutando con semilla: 1234575, salida: /home/alazcano/Rescol_NM/Rescol_NM/prueba_automatizada/results/archivo_segmetación_Seg_13/archivo_segmetación_Seg_13_1234575.txt
  Ejecutando con semilla: 1234576, salida: /home/alazcano/Rescol_NM/Rescol_NM/prueba_automatizada/results/archivo_segmetación_Seg_13/archivo_segmetación_Seg_13_1234576.txt
  Ejecutando con semilla: 1234577, salida: /home/alazcano/Rescol_NM/Rescol_NM/prueba_automatizada/results/archivo_segmetación_Seg_13/archivo_segmetación_Seg_13_1234577.txt
  Ejecutando con semilla: 1234578, salida: /home/alazcano/Rescol_NM/Rescol_NM/prueba_automatizada/results/archivo_segmetación_Seg_13/archivo_segmetación_Seg_13_1234578.txt
  Ejecutando con semilla: 1234579, salida: /home/alazcano/Rescol_NM/Rescol_NM/prueba_automatizada/results/archivo_segmetación_Seg_13/archivo_segmetación_Seg_13_1234579.txt
  Ejecutando con semilla: 1234580, salida: /home/alazcano/Rescol_NM/Rescol_NM/prueba_automatizada/results/archivo_segmetación_Seg_13/archivo_segmetación_Seg_13_1234580.txt
  Ejecutando con semilla: 1234581, salida: /home/alazcano/Rescol_NM/Rescol_NM/prueba_automatizada/results/archivo_segmetación_Seg_13/archivo_segmetación_Seg_13_1234581.txt
  Ejecutando con semilla: 1234582, salida: /home/alazcano/Rescol_NM/Rescol_NM/prueba_automatizada/results/archivo_segmetación_Seg_13/archivo_segmetación_Seg_13_1234582.txt
  Ejecutando con semilla: 1234583, salida: /home/alazcano/Rescol_NM/Rescol_NM/prueba_automatizada/results/archivo_segmetación_Seg_13/archivo_segmetación_Seg_13_1234583.txt
  Ejecutando con semilla: 1234584, salida: /home/alazcano/Rescol_NM/Rescol_NM/prueba_automatizada/results/archivo_segmetación_Seg_13/archivo_segmetación_Seg_13_1234584.txt
  Ejecutando con semilla: 1234585, salida: /home/alazcano/Rescol_NM/Rescol_NM/prueba_automatizada/results/archivo_segmetación_Seg_13/archivo_segmetación_Seg_13_1234585.txt
  Ejecutando con semilla: 1234586, salida: /home/alazcano/Rescol_NM/Rescol_NM/prueba_automatizada/results/archivo_segmetación_Seg_13/archivo_segmetación_Seg_13_1234586.txt
Procesando instancia: archivo_segmetación_Seg_14
  Ejecutando con semilla: 1234567, salida: /home/alazcano/Rescol_NM/Rescol_NM/prueba_automatizada/results/archivo_segmetación_Seg_14/archivo_segmetación_Seg_14_1234567.txt
  Ejecutando con semilla: 1234568, salida: /home/alazcano/Rescol_NM/Rescol_NM/prueba_automatizada/results/archivo_segmetación_Seg_14/archivo_segmetación_Seg_14_1234568.txt
  Ejecutando con semilla: 1234569, salida: /home/alazcano/Rescol_NM/Rescol_NM/prueba_automatizada/results/archivo_segmetación_Seg_14/archivo_segmetación_Seg_14_1234569.txt
  Ejecutando con semilla: 1234570, salida: /home/alazcano/Rescol_NM/Rescol_NM/prueba_automatizada/results/archivo_segmetación_Seg_14/archivo_segmetación_Seg_14_1234570.txt
  Ejecutando con semilla: 1234571, salida: /home/alazcano/Rescol_NM/Rescol_NM/prueba_automatizada/results/archivo_segmetación_Seg_14/archivo_segmetación_Seg_14_1234571.txt
  Ejecutando con semilla: 1234572, salida: /home/alazcano/Rescol_NM/Rescol_NM/prueba_automatizada/results/archivo_segmetación_Seg_14/archivo_segmetación_Seg_14_1234572.txt
  Ejecutando con semilla: 1234573, salida: /home/alazcano/Rescol_NM/Rescol_NM/prueba_automatizada/results/archivo_segmetación_Seg_14/archivo_segmetación_Seg_14_1234573.txt
  Ejecutando con semilla: 1234574, salida: /home/alazcano/Rescol_NM/Rescol_NM/prueba_automatizada/results/archivo_segmetación_Seg_14/archivo_segmetación_Seg_14_1234574.txt
  Ejecutando con semilla: 1234575, salida: /home/alazcano/Rescol_NM/Rescol_NM/prueba_automatizada/results/archivo_segmetación_Seg_14/archivo_segmetación_Seg_14_1234575.txt
  Ejecutando con semilla: 1234576, salida: /home/alazcano/Rescol_NM/Rescol_NM/prueba_automatizada/results/archivo_segmetación_Seg_14/archivo_segmetación_Seg_14_1234576.txt
  Ejecutando con semilla: 1234577, salida: /home/alazcano/Rescol_NM/Rescol_NM/prueba_automatizada/results/archivo_segmetación_Seg_14/archivo_segmetación_Seg_14_1234577.txt
  Ejecutando con semilla: 1234578, salida: /home/alazcano/Rescol_NM/Rescol_NM/prueba_automatizada/results/archivo_segmetación_Seg_14/archivo_segmetación_Seg_14_1234578.txt
  Ejecutando con semilla: 1234579, salida: /home/alazcano/Rescol_NM/Rescol_NM/prueba_automatizada/results/archivo_segmetación_Seg_14/archivo_segmetación_Seg_14_1234579.txt
  Ejecutando con semilla: 1234580, salida: /home/alazcano/Rescol_NM/Rescol_NM/prueba_automatizada/results/archivo_segmetación_Seg_14/archivo_segmetación_Seg_14_1234580.txt
  Ejecutando con semilla: 1234581, salida: /home/alazcano/Rescol_NM/Rescol_NM/prueba_automatizada/results/archivo_segmetación_Seg_14/archivo_segmetación_Seg_14_1234581.txt
  Ejecutando con semilla: 1234582, salida: /home/alazcano/Rescol_NM/Rescol_NM/prueba_automatizada/results/archivo_segmetación_Seg_14/archivo_segmetación_Seg_14_1234582.txt
  Ejecutando con semilla: 1234583, salida: /home/alazcano/Rescol_NM/Rescol_NM/prueba_automatizada/results/archivo_segmetación_Seg_14/archivo_segmetación_Seg_14_1234583.txt
  Ejecutando con semilla: 1234584, salida: /home/alazcano/Rescol_NM/Rescol_NM/prueba_automatizada/results/archivo_segmetación_Seg_14/archivo_segmetación_Seg_14_1234584.txt
  Ejecutando con semilla: 1234585, salida: /home/alazcano/Rescol_NM/Rescol_NM/prueba_automatizada/results/archivo_segmetación_Seg_14/archivo_segmetación_Seg_14_1234585.txt
  Ejecutando con semilla: 1234586, salida: /home/alazcano/Rescol_NM/Rescol_NM/prueba_automatizada/results/archivo_segmetación_Seg_14/archivo_segmetación_Seg_14_1234586.txt
Procesando instancia: archivo_segmetación_Seg_15
  Ejecutando con semilla: 1234567, salida: /home/alazcano/Rescol_NM/Rescol_NM/prueba_automatizada/results/archivo_segmetación_Seg_15/archivo_segmetación_Seg_15_1234567.txt
  Ejecutando con semilla: 1234568, salida: /home/alazcano/Rescol_NM/Rescol_NM/prueba_automatizada/results/archivo_segmetación_Seg_15/archivo_segmetación_Seg_15_1234568.txt
  Ejecutando con semilla: 1234569, salida: /home/alazcano/Rescol_NM/Rescol_NM/prueba_automatizada/results/archivo_segmetación_Seg_15/archivo_segmetación_Seg_15_1234569.txt
  Ejecutando con semilla: 1234570, salida: /home/alazcano/Rescol_NM/Rescol_NM/prueba_automatizada/results/archivo_segmetación_Seg_15/archivo_segmetación_Seg_15_1234570.txt
  Ejecutando con semilla: 1234571, salida: /home/alazcano/Rescol_NM/Rescol_NM/prueba_automatizada/results/archivo_segmetación_Seg_15/archivo_segmetación_Seg_15_1234571.txt
  Ejecutando con semilla: 1234572, salida: /home/alazcano/Rescol_NM/Rescol_NM/prueba_automatizada/results/archivo_segmetación_Seg_15/archivo_segmetación_Seg_15_1234572.txt
  Ejecutando con semilla: 1234573, salida: /home/alazcano/Rescol_NM/Rescol_NM/prueba_automatizada/results/archivo_segmetación_Seg_15/archivo_segmetación_Seg_15_1234573.txt
  Ejecutando con semilla: 1234574, salida: /home/alazcano/Rescol_NM/Rescol_NM/prueba_automatizada/results/archivo_segmetación_Seg_15/archivo_segmetación_Seg_15_1234574.txt
  Ejecutando con semilla: 1234575, salida: /home/alazcano/Rescol_NM/Rescol_NM/prueba_automatizada/results/archivo_segmetación_Seg_15/archivo_segmetación_Seg_15_1234575.txt
  Ejecutando con semilla: 1234576, salida: /home/alazcano/Rescol_NM/Rescol_NM/prueba_automatizada/results/archivo_segmetación_Seg_15/archivo_segmetación_Seg_15_1234576.txt
  Ejecutando con semilla: 1234577, salida: /home/alazcano/Rescol_NM/Rescol_NM/prueba_automatizada/results/archivo_segmetación_Seg_15/archivo_segmetación_Seg_15_1234577.txt
  Ejecutando con semilla: 1234578, salida: /home/alazcano/Rescol_NM/Rescol_NM/prueba_automatizada/results/archivo_segmetación_Seg_15/archivo_segmetación_Seg_15_1234578.txt
  Ejecutando con semilla: 1234579, salida: /home/alazcano/Rescol_NM/Rescol_NM/prueba_automatizada/results/archivo_segmetación_Seg_15/archivo_segmetación_Seg_15_1234579.txt
  Ejecutando con semilla: 1234580, salida: /home/alazcano/Rescol_NM/Rescol_NM/prueba_automatizada/results/archivo_segmetación_Seg_15/archivo_segmetación_Seg_15_1234580.txt
  Ejecutando con semilla: 1234581, salida: /home/alazcano/Rescol_NM/Rescol_NM/prueba_automatizada/results/archivo_segmetación_Seg_15/archivo_segmetación_Seg_15_1234581.txt
  Ejecutando con semilla: 1234582, salida: /home/alazcano/Rescol_NM/Rescol_NM/prueba_automatizada/results/archivo_segmetación_Seg_15/archivo_segmetación_Seg_15_1234582.txt
  Ejecutando con semilla: 1234583, salida: /home/alazcano/Rescol_NM/Rescol_NM/prueba_automatizada/results/archivo_segmetación_Seg_15/archivo_segmetación_Seg_15_1234583.txt
  Ejecutando con semilla: 1234584, salida: /home/alazcano/Rescol_NM/Rescol_NM/prueba_automatizada/results/archivo_segmetación_Seg_15/archivo_segmetación_Seg_15_1234584.txt
  Ejecutando con semilla: 1234585, salida: /home/alazcano/Rescol_NM/Rescol_NM/prueba_automatizada/results/archivo_segmetación_Seg_15/archivo_segmetación_Seg_15_1234585.txt
  Ejecutando con semilla: 1234586, salida: /home/alazcano/Rescol_NM/Rescol_NM/prueba_automatizada/results/archivo_segmetación_Seg_15/archivo_segmetación_Seg_15_1234586.txt
Procesando instancia: archivo_segmetación_Seg_16
  Ejecutando con semilla: 1234567, salida: /home/alazcano/Rescol_NM/Rescol_NM/prueba_automatizada/results/archivo_segmetación_Seg_16/archivo_segmetación_Seg_16_1234567.txt
  Ejecutando con semilla: 1234568, salida: /home/alazcano/Rescol_NM/Rescol_NM/prueba_automatizada/results/archivo_segmetación_Seg_16/archivo_segmetación_Seg_16_1234568.txt
  Ejecutando con semilla: 1234569, salida: /home/alazcano/Rescol_NM/Rescol_NM/prueba_automatizada/results/archivo_segmetación_Seg_16/archivo_segmetación_Seg_16_1234569.txt
  Ejecutando con semilla: 1234570, salida: /home/alazcano/Rescol_NM/Rescol_NM/prueba_automatizada/results/archivo_segmetación_Seg_16/archivo_segmetación_Seg_16_1234570.txt
  Ejecutando con semilla: 1234571, salida: /home/alazcano/Rescol_NM/Rescol_NM/prueba_automatizada/results/archivo_segmetación_Seg_16/archivo_segmetación_Seg_16_1234571.txt
  Ejecutando con semilla: 1234572, salida: /home/alazcano/Rescol_NM/Rescol_NM/prueba_automatizada/results/archivo_segmetación_Seg_16/archivo_segmetación_Seg_16_1234572.txt
  Ejecutando con semilla: 1234573, salida: /home/alazcano/Rescol_NM/Rescol_NM/prueba_automatizada/results/archivo_segmetación_Seg_16/archivo_segmetación_Seg_16_1234573.txt
  Ejecutando con semilla: 1234574, salida: /home/alazcano/Rescol_NM/Rescol_NM/prueba_automatizada/results/archivo_segmetación_Seg_16/archivo_segmetación_Seg_16_1234574.txt
  Ejecutando con semilla: 1234575, salida: /home/alazcano/Rescol_NM/Rescol_NM/prueba_automatizada/results/archivo_segmetación_Seg_16/archivo_segmetación_Seg_16_1234575.txt
  Ejecutando con semilla: 1234576, salida: /home/alazcano/Rescol_NM/Rescol_NM/prueba_automatizada/results/archivo_segmetación_Seg_16/archivo_segmetación_Seg_16_1234576.txt
  Ejecutando con semilla: 1234577, salida: /home/alazcano/Rescol_NM/Rescol_NM/prueba_automatizada/results/archivo_segmetación_Seg_16/archivo_segmetación_Seg_16_1234577.txt
  Ejecutando con semilla: 1234578, salida: /home/alazcano/Rescol_NM/Rescol_NM/prueba_automatizada/results/archivo_segmetación_Seg_16/archivo_segmetación_Seg_16_1234578.txt
  Ejecutando con semilla: 1234579, salida: /home/alazcano/Rescol_NM/Rescol_NM/prueba_automatizada/results/archivo_segmetación_Seg_16/archivo_segmetación_Seg_16_1234579.txt
  Ejecutando con semilla: 1234580, salida: /home/alazcano/Rescol_NM/Rescol_NM/prueba_automatizada/results/archivo_segmetación_Seg_16/archivo_segmetación_Seg_16_1234580.txt
  Ejecutando con semilla: 1234581, salida: /home/alazcano/Rescol_NM/Rescol_NM/prueba_automatizada/results/archivo_segmetación_Seg_16/archivo_segmetación_Seg_16_1234581.txt
  Ejecutando con semilla: 1234582, salida: /home/alazcano/Rescol_NM/Rescol_NM/prueba_automatizada/results/archivo_segmetación_Seg_16/archivo_segmetación_Seg_16_1234582.txt
  Ejecutando con semilla: 1234583, salida: /home/alazcano/Rescol_NM/Rescol_NM/prueba_automatizada/results/archivo_segmetación_Seg_16/archivo_segmetación_Seg_16_1234583.txt
  Ejecutando con semilla: 1234584, salida: /home/alazcano/Rescol_NM/Rescol_NM/prueba_automatizada/results/archivo_segmetación_Seg_16/archivo_segmetación_Seg_16_1234584.txt
  Ejecutando con semilla: 1234585, salida: /home/alazcano/Rescol_NM/Rescol_NM/prueba_automatizada/results/archivo_segmetación_Seg_16/archivo_segmetación_Seg_16_1234585.txt
  Ejecutando con semilla: 1234586, salida: /home/alazcano/Rescol_NM/Rescol_NM/prueba_automatizada/results/archivo_segmetación_Seg_16/archivo_segmetación_Seg_16_1234586.txt
Procesando instancia: archivo_segmetación_Seg_17
  Ejecutando con semilla: 1234567, salida: /home/alazcano/Rescol_NM/Rescol_NM/prueba_automatizada/results/archivo_segmetación_Seg_17/archivo_segmetación_Seg_17_1234567.txt
  Ejecutando con semilla: 1234568, salida: /home/alazcano/Rescol_NM/Rescol_NM/prueba_automatizada/results/archivo_segmetación_Seg_17/archivo_segmetación_Seg_17_1234568.txt
  Ejecutando con semilla: 1234569, salida: /home/alazcano/Rescol_NM/Rescol_NM/prueba_automatizada/results/archivo_segmetación_Seg_17/archivo_segmetación_Seg_17_1234569.txt
  Ejecutando con semilla: 1234570, salida: /home/alazcano/Rescol_NM/Rescol_NM/prueba_automatizada/results/archivo_segmetación_Seg_17/archivo_segmetación_Seg_17_1234570.txt
  Ejecutando con semilla: 1234571, salida: /home/alazcano/Rescol_NM/Rescol_NM/prueba_automatizada/results/archivo_segmetación_Seg_17/archivo_segmetación_Seg_17_1234571.txt
  Ejecutando con semilla: 1234572, salida: /home/alazcano/Rescol_NM/Rescol_NM/prueba_automatizada/results/archivo_segmetación_Seg_17/archivo_segmetación_Seg_17_1234572.txt
  Ejecutando con semilla: 1234573, salida: /home/alazcano/Rescol_NM/Rescol_NM/prueba_automatizada/results/archivo_segmetación_Seg_17/archivo_segmetación_Seg_17_1234573.txt
  Ejecutando con semilla: 1234574, salida: /home/alazcano/Rescol_NM/Rescol_NM/prueba_automatizada/results/archivo_segmetación_Seg_17/archivo_segmetación_Seg_17_1234574.txt
  Ejecutando con semilla: 1234575, salida: /home/alazcano/Rescol_NM/Rescol_NM/prueba_automatizada/results/archivo_segmetación_Seg_17/archivo_segmetación_Seg_17_1234575.txt
  Ejecutando con semilla: 1234576, salida: /home/alazcano/Rescol_NM/Rescol_NM/prueba_automatizada/results/archivo_segmetación_Seg_17/archivo_segmetación_Seg_17_1234576.txt
  Ejecutando con semilla: 1234577, salida: /home/alazcano/Rescol_NM/Rescol_NM/prueba_automatizada/results/archivo_segmetación_Seg_17/archivo_segmetación_Seg_17_1234577.txt
  Ejecutando con semilla: 1234578, salida: /home/alazcano/Rescol_NM/Rescol_NM/prueba_automatizada/results/archivo_segmetación_Seg_17/archivo_segmetación_Seg_17_1234578.txt
  Ejecutando con semilla: 1234579, salida: /home/alazcano/Rescol_NM/Rescol_NM/prueba_automatizada/results/archivo_segmetación_Seg_17/archivo_segmetación_Seg_17_1234579.txt
  Ejecutando con semilla: 1234580, salida: /home/alazcano/Rescol_NM/Rescol_NM/prueba_automatizada/results/archivo_segmetación_Seg_17/archivo_segmetación_Seg_17_1234580.txt
  Ejecutando con semilla: 1234581, salida: /home/alazcano/Rescol_NM/Rescol_NM/prueba_automatizada/results/archivo_segmetación_Seg_17/archivo_segmetación_Seg_17_1234581.txt
  Ejecutando con semilla: 1234582, salida: /home/alazcano/Rescol_NM/Rescol_NM/prueba_automatizada/results/archivo_segmetación_Seg_17/archivo_segmetación_Seg_17_1234582.txt
  Ejecutando con semilla: 1234583, salida: /home/alazcano/Rescol_NM/Rescol_NM/prueba_automatizada/results/archivo_segmetación_Seg_17/archivo_segmetación_Seg_17_1234583.txt
  Ejecutando con semilla: 1234584, salida: /home/alazcano/Rescol_NM/Rescol_NM/prueba_automatizada/results/archivo_segmetación_Seg_17/archivo_segmetación_Seg_17_1234584.txt
  Ejecutando con semilla: 1234585, salida: /home/alazcano/Rescol_NM/Rescol_NM/prueba_automatizada/results/archivo_segmetación_Seg_17/archivo_segmetación_Seg_17_1234585.txt
  Ejecutando con semilla: 1234586, salida: /home/alazcano/Rescol_NM/Rescol_NM/prueba_automatizada/results/archivo_segmetación_Seg_17/archivo_segmetación_Seg_17_1234586.txt
Procesando instancia: archivo_segmetación_Seg_18
  Ejecutando con semilla: 1234567, salida: /home/alazcano/Rescol_NM/Rescol_NM/prueba_automatizada/results/archivo_segmetación_Seg_18/archivo_segmetación_Seg_18_1234567.txt
  Ejecutando con semilla: 1234568, salida: /home/alazcano/Rescol_NM/Rescol_NM/prueba_automatizada/results/archivo_segmetación_Seg_18/archivo_segmetación_Seg_18_1234568.txt
  Ejecutando con semilla: 1234569, salida: /home/alazcano/Rescol_NM/Rescol_NM/prueba_automatizada/results/archivo_segmetación_Seg_18/archivo_segmetación_Seg_18_1234569.txt
  Ejecutando con semilla: 1234570, salida: /home/alazcano/Rescol_NM/Rescol_NM/prueba_automatizada/results/archivo_segmetación_Seg_18/archivo_segmetación_Seg_18_1234570.txt
  Ejecutando con semilla: 1234571, salida: /home/alazcano/Rescol_NM/Rescol_NM/prueba_automatizada/results/archivo_segmetación_Seg_18/archivo_segmetación_Seg_18_1234571.txt
  Ejecutando con semilla: 1234572, salida: /home/alazcano/Rescol_NM/Rescol_NM/prueba_automatizada/results/archivo_segmetación_Seg_18/archivo_segmetación_Seg_18_1234572.txt
  Ejecutando con semilla: 1234573, salida: /home/alazcano/Rescol_NM/Rescol_NM/prueba_automatizada/results/archivo_segmetación_Seg_18/archivo_segmetación_Seg_18_1234573.txt
  Ejecutando con semilla: 1234574, salida: /home/alazcano/Rescol_NM/Rescol_NM/prueba_automatizada/results/archivo_segmetación_Seg_18/archivo_segmetación_Seg_18_1234574.txt
  Ejecutando con semilla: 1234575, salida: /home/alazcano/Rescol_NM/Rescol_NM/prueba_automatizada/results/archivo_segmetación_Seg_18/archivo_segmetación_Seg_18_1234575.txt
  Ejecutando con semilla: 1234576, salida: /home/alazcano/Rescol_NM/Rescol_NM/prueba_automatizada/results/archivo_segmetación_Seg_18/archivo_segmetación_Seg_18_1234576.txt
  Ejecutando con semilla: 1234577, salida: /home/alazcano/Rescol_NM/Rescol_NM/prueba_automatizada/results/archivo_segmetación_Seg_18/archivo_segmetación_Seg_18_1234577.txt
  Ejecutando con semilla: 1234578, salida: /home/alazcano/Rescol_NM/Rescol_NM/prueba_automatizada/results/archivo_segmetación_Seg_18/archivo_segmetación_Seg_18_1234578.txt
  Ejecutando con semilla: 1234579, salida: /home/alazcano/Rescol_NM/Rescol_NM/prueba_automatizada/results/archivo_segmetación_Seg_18/archivo_segmetación_Seg_18_1234579.txt
  Ejecutando con semilla: 1234580, salida: /home/alazcano/Rescol_NM/Rescol_NM/prueba_automatizada/results/archivo_segmetación_Seg_18/archivo_segmetación_Seg_18_1234580.txt
  Ejecutando con semilla: 1234581, salida: /home/alazcano/Rescol_NM/Rescol_NM/prueba_automatizada/results/archivo_segmetación_Seg_18/archivo_segmetación_Seg_18_1234581.txt
  Ejecutando con semilla: 1234582, salida: /home/alazcano/Rescol_NM/Rescol_NM/prueba_automatizada/results/archivo_segmetación_Seg_18/archivo_segmetación_Seg_18_1234582.txt
  Ejecutando con semilla: 1234583, salida: /home/alazcano/Rescol_NM/Rescol_NM/prueba_automatizada/results/archivo_segmetación_Seg_18/archivo_segmetación_Seg_18_1234583.txt
  Ejecutando con semilla: 1234584, salida: /home/alazcano/Rescol_NM/Rescol_NM/prueba_automatizada/results/archivo_segmetación_Seg_18/archivo_segmetación_Seg_18_1234584.txt
  Ejecutando con semilla: 1234585, salida: /home/alazcano/Rescol_NM/Rescol_NM/prueba_automatizada/results/archivo_segmetación_Seg_18/archivo_segmetación_Seg_18_1234585.txt
  Ejecutando con semilla: 1234586, salida: /home/alazcano/Rescol_NM/Rescol_NM/prueba_automatizada/results/archivo_segmetación_Seg_18/archivo_segmetación_Seg_18_1234586.txt
Procesando instancia: archivo_segmetación_Seg_19
  Ejecutando con semilla: 1234567, salida: /home/alazcano/Rescol_NM/Rescol_NM/prueba_automatizada/results/archivo_segmetación_Seg_19/archivo_segmetación_Seg_19_1234567.txt
  Ejecutando con semilla: 1234568, salida: /home/alazcano/Rescol_NM/Rescol_NM/prueba_automatizada/results/archivo_segmetación_Seg_19/archivo_segmetación_Seg_19_1234568.txt
  Ejecutando con semilla: 1234569, salida: /home/alazcano/Rescol_NM/Rescol_NM/prueba_automatizada/results/archivo_segmetación_Seg_19/archivo_segmetación_Seg_19_1234569.txt
  Ejecutando con semilla: 1234570, salida: /home/alazcano/Rescol_NM/Rescol_NM/prueba_automatizada/results/archivo_segmetación_Seg_19/archivo_segmetación_Seg_19_1234570.txt
  Ejecutando con semilla: 1234571, salida: /home/alazcano/Rescol_NM/Rescol_NM/prueba_automatizada/results/archivo_segmetación_Seg_19/archivo_segmetación_Seg_19_1234571.txt
  Ejecutando con semilla: 1234572, salida: /home/alazcano/Rescol_NM/Rescol_NM/prueba_automatizada/results/archivo_segmetación_Seg_19/archivo_segmetación_Seg_19_1234572.txt
  Ejecutando con semilla: 1234573, salida: /home/alazcano/Rescol_NM/Rescol_NM/prueba_automatizada/results/archivo_segmetación_Seg_19/archivo_segmetación_Seg_19_1234573.txt
  Ejecutando con semilla: 1234574, salida: /home/alazcano/Rescol_NM/Rescol_NM/prueba_automatizada/results/archivo_segmetación_Seg_19/archivo_segmetación_Seg_19_1234574.txt
  Ejecutando con semilla: 1234575, salida: /home/alazcano/Rescol_NM/Rescol_NM/prueba_automatizada/results/archivo_segmetación_Seg_19/archivo_segmetación_Seg_19_1234575.txt
  Ejecutando con semilla: 1234576, salida: /home/alazcano/Rescol_NM/Rescol_NM/prueba_automatizada/results/archivo_segmetación_Seg_19/archivo_segmetación_Seg_19_1234576.txt
  Ejecutando con semilla: 1234577, salida: /home/alazcano/Rescol_NM/Rescol_NM/prueba_automatizada/results/archivo_segmetación_Seg_19/archivo_segmetación_Seg_19_1234577.txt
  Ejecutando con semilla: 1234578, salida: /home/alazcano/Rescol_NM/Rescol_NM/prueba_automatizada/results/archivo_segmetación_Seg_19/archivo_segmetación_Seg_19_1234578.txt
  Ejecutando con semilla: 1234579, salida: /home/alazcano/Rescol_NM/Rescol_NM/prueba_automatizada/results/archivo_segmetación_Seg_19/archivo_segmetación_Seg_19_1234579.txt
  Ejecutando con semilla: 1234580, salida: /home/alazcano/Rescol_NM/Rescol_NM/prueba_automatizada/results/archivo_segmetación_Seg_19/archivo_segmetación_Seg_19_1234580.txt
  Ejecutando con semilla: 1234581, salida: /home/alazcano/Rescol_NM/Rescol_NM/prueba_automatizada/results/archivo_segmetación_Seg_19/archivo_segmetación_Seg_19_1234581.txt
  Ejecutando con semilla: 1234582, salida: /home/alazcano/Rescol_NM/Rescol_NM/prueba_automatizada/results/archivo_segmetación_Seg_19/archivo_segmetación_Seg_19_1234582.txt
  Ejecutando con semilla: 1234583, salida: /home/alazcano/Rescol_NM/Rescol_NM/prueba_automatizada/results/archivo_segmetación_Seg_19/archivo_segmetación_Seg_19_1234583.txt
  Ejecutando con semilla: 1234584, salida: /home/alazcano/Rescol_NM/Rescol_NM/prueba_automatizada/results/archivo_segmetación_Seg_19/archivo_segmetación_Seg_19_1234584.txt
  Ejecutando con semilla: 1234585, salida: /home/alazcano/Rescol_NM/Rescol_NM/prueba_automatizada/results/archivo_segmetación_Seg_19/archivo_segmetación_Seg_19_1234585.txt
  Ejecutando con semilla: 1234586, salida: /home/alazcano/Rescol_NM/Rescol_NM/prueba_automatizada/results/archivo_segmetación_Seg_19/archivo_segmetación_Seg_19_1234586.txt
Procesando instancia: archivo_segmetación_Seg_1
  Ejecutando con semilla: 1234567, salida: /home/alazcano/Rescol_NM/Rescol_NM/prueba_automatizada/results/archivo_segmetación_Seg_1/archivo_segmetación_Seg_1_1234567.txt
  Ejecutando con semilla: 1234568, salida: /home/alazcano/Rescol_NM/Rescol_NM/prueba_automatizada/results/archivo_segmetación_Seg_1/archivo_segmetación_Seg_1_1234568.txt
  Ejecutando con semilla: 1234569, salida: /home/alazcano/Rescol_NM/Rescol_NM/prueba_automatizada/results/archivo_segmetación_Seg_1/archivo_segmetación_Seg_1_1234569.txt
  Ejecutando con semilla: 1234570, salida: /home/alazcano/Rescol_NM/Rescol_NM/prueba_automatizada/results/archivo_segmetación_Seg_1/archivo_segmetación_Seg_1_1234570.txt
  Ejecutando con semilla: 1234571, salida: /home/alazcano/Rescol_NM/Rescol_NM/prueba_automatizada/results/archivo_segmetación_Seg_1/archivo_segmetación_Seg_1_1234571.txt
  Ejecutando con semilla: 1234572, salida: /home/alazcano/Rescol_NM/Rescol_NM/prueba_automatizada/results/archivo_segmetación_Seg_1/archivo_segmetación_Seg_1_1234572.txt
  Ejecutando con semilla: 1234573, salida: /home/alazcano/Rescol_NM/Rescol_NM/prueba_automatizada/results/archivo_segmetación_Seg_1/archivo_segmetación_Seg_1_1234573.txt
  Ejecutando con semilla: 1234574, salida: /home/alazcano/Rescol_NM/Rescol_NM/prueba_automatizada/results/archivo_segmetación_Seg_1/archivo_segmetación_Seg_1_1234574.txt
  Ejecutando con semilla: 1234575, salida: /home/alazcano/Rescol_NM/Rescol_NM/prueba_automatizada/results/archivo_segmetación_Seg_1/archivo_segmetación_Seg_1_1234575.txt
  Ejecutando con semilla: 1234576, salida: /home/alazcano/Rescol_NM/Rescol_NM/prueba_automatizada/results/archivo_segmetación_Seg_1/archivo_segmetación_Seg_1_1234576.txt
  Ejecutando con semilla: 1234577, salida: /home/alazcano/Rescol_NM/Rescol_NM/prueba_automatizada/results/archivo_segmetación_Seg_1/archivo_segmetación_Seg_1_1234577.txt
  Ejecutando con semilla: 1234578, salida: /home/alazcano/Rescol_NM/Rescol_NM/prueba_automatizada/results/archivo_segmetación_Seg_1/archivo_segmetación_Seg_1_1234578.txt
  Ejecutando con semilla: 1234579, salida: /home/alazcano/Rescol_NM/Rescol_NM/prueba_automatizada/results/archivo_segmetación_Seg_1/archivo_segmetación_Seg_1_1234579.txt
  Ejecutando con semilla: 1234580, salida: /home/alazcano/Rescol_NM/Rescol_NM/prueba_automatizada/results/archivo_segmetación_Seg_1/archivo_segmetación_Seg_1_1234580.txt
  Ejecutando con semilla: 1234581, salida: /home/alazcano/Rescol_NM/Rescol_NM/prueba_automatizada/results/archivo_segmetación_Seg_1/archivo_segmetación_Seg_1_1234581.txt
  Ejecutando con semilla: 1234582, salida: /home/alazcano/Rescol_NM/Rescol_NM/prueba_automatizada/results/archivo_segmetación_Seg_1/archivo_segmetación_Seg_1_1234582.txt
  Ejecutando con semilla: 1234583, salida: /home/alazcano/Rescol_NM/Rescol_NM/prueba_automatizada/results/archivo_segmetación_Seg_1/archivo_segmetación_Seg_1_1234583.txt
  Ejecutando con semilla: 1234584, salida: /home/alazcano/Rescol_NM/Rescol_NM/prueba_automatizada/results/archivo_segmetación_Seg_1/archivo_segmetación_Seg_1_1234584.txt
  Ejecutando con semilla: 1234585, salida: /home/alazcano/Rescol_NM/Rescol_NM/prueba_automatizada/results/archivo_segmetación_Seg_1/archivo_segmetación_Seg_1_1234585.txt
  Ejecutando con semilla: 1234586, salida: /home/alazcano/Rescol_NM/Rescol_NM/prueba_automatizada/results/archivo_segmetación_Seg_1/archivo_segmetación_Seg_1_1234586.txt
Procesando instancia: archivo_segmetación_Seg_20
  Ejecutando con semilla: 1234567, salida: /home/alazcano/Rescol_NM/Rescol_NM/prueba_automatizada/results/archivo_segmetación_Seg_20/archivo_segmetación_Seg_20_1234567.txt
  Ejecutando con semilla: 1234568, salida: /home/alazcano/Rescol_NM/Rescol_NM/prueba_automatizada/results/archivo_segmetación_Seg_20/archivo_segmetación_Seg_20_1234568.txt
  Ejecutando con semilla: 1234569, salida: /home/alazcano/Rescol_NM/Rescol_NM/prueba_automatizada/results/archivo_segmetación_Seg_20/archivo_segmetación_Seg_20_1234569.txt
  Ejecutando con semilla: 1234570, salida: /home/alazcano/Rescol_NM/Rescol_NM/prueba_automatizada/results/archivo_segmetación_Seg_20/archivo_segmetación_Seg_20_1234570.txt
  Ejecutando con semilla: 1234571, salida: /home/alazcano/Rescol_NM/Rescol_NM/prueba_automatizada/results/archivo_segmetación_Seg_20/archivo_segmetación_Seg_20_1234571.txt
  Ejecutando con semilla: 1234572, salida: /home/alazcano/Rescol_NM/Rescol_NM/prueba_automatizada/results/archivo_segmetación_Seg_20/archivo_segmetación_Seg_20_1234572.txt
  Ejecutando con semilla: 1234573, salida: /home/alazcano/Rescol_NM/Rescol_NM/prueba_automatizada/results/archivo_segmetación_Seg_20/archivo_segmetación_Seg_20_1234573.txt
  Ejecutando con semilla: 1234574, salida: /home/alazcano/Rescol_NM/Rescol_NM/prueba_automatizada/results/archivo_segmetación_Seg_20/archivo_segmetación_Seg_20_1234574.txt
  Ejecutando con semilla: 1234575, salida: /home/alazcano/Rescol_NM/Rescol_NM/prueba_automatizada/results/archivo_segmetación_Seg_20/archivo_segmetación_Seg_20_1234575.txt
  Ejecutando con semilla: 1234576, salida: /home/alazcano/Rescol_NM/Rescol_NM/prueba_automatizada/results/archivo_segmetación_Seg_20/archivo_segmetación_Seg_20_1234576.txt
  Ejecutando con semilla: 1234577, salida: /home/alazcano/Rescol_NM/Rescol_NM/prueba_automatizada/results/archivo_segmetación_Seg_20/archivo_segmetación_Seg_20_1234577.txt
  Ejecutando con semilla: 1234578, salida: /home/alazcano/Rescol_NM/Rescol_NM/prueba_automatizada/results/archivo_segmetación_Seg_20/archivo_segmetación_Seg_20_1234578.txt
  Ejecutando con semilla: 1234579, salida: /home/alazcano/Rescol_NM/Rescol_NM/prueba_automatizada/results/archivo_segmetación_Seg_20/archivo_segmetación_Seg_20_1234579.txt
  Ejecutando con semilla: 1234580, salida: /home/alazcano/Rescol_NM/Rescol_NM/prueba_automatizada/results/archivo_segmetación_Seg_20/archivo_segmetación_Seg_20_1234580.txt
  Ejecutando con semilla: 1234581, salida: /home/alazcano/Rescol_NM/Rescol_NM/prueba_automatizada/results/archivo_segmetación_Seg_20/archivo_segmetación_Seg_20_1234581.txt
  Ejecutando con semilla: 1234582, salida: /home/alazcano/Rescol_NM/Rescol_NM/prueba_automatizada/results/archivo_segmetación_Seg_20/archivo_segmetación_Seg_20_1234582.txt
  Ejecutando con semilla: 1234583, salida: /home/alazcano/Rescol_NM/Rescol_NM/prueba_automatizada/results/archivo_segmetación_Seg_20/archivo_segmetación_Seg_20_1234583.txt
  Ejecutando con semilla: 1234584, salida: /home/alazcano/Rescol_NM/Rescol_NM/prueba_automatizada/results/archivo_segmetación_Seg_20/archivo_segmetación_Seg_20_1234584.txt
  Ejecutando con semilla: 1234585, salida: /home/alazcano/Rescol_NM/Rescol_NM/prueba_automatizada/results/archivo_segmetación_Seg_20/archivo_segmetación_Seg_20_1234585.txt
  Ejecutando con semilla: 1234586, salida: /home/alazcano/Rescol_NM/Rescol_NM/prueba_automatizada/results/archivo_segmetación_Seg_20/archivo_segmetación_Seg_20_1234586.txt
Procesando instancia: archivo_segmetación_Seg_21
  Ejecutando con semilla: 1234567, salida: /home/alazcano/Rescol_NM/Rescol_NM/prueba_automatizada/results/archivo_segmetación_Seg_21/archivo_segmetación_Seg_21_1234567.txt
  Ejecutando con semilla: 1234568, salida: /home/alazcano/Rescol_NM/Rescol_NM/prueba_automatizada/results/archivo_segmetación_Seg_21/archivo_segmetación_Seg_21_1234568.txt
  Ejecutando con semilla: 1234569, salida: /home/alazcano/Rescol_NM/Rescol_NM/prueba_automatizada/results/archivo_segmetación_Seg_21/archivo_segmetación_Seg_21_1234569.txt
  Ejecutando con semilla: 1234570, salida: /home/alazcano/Rescol_NM/Rescol_NM/prueba_automatizada/results/archivo_segmetación_Seg_21/archivo_segmetación_Seg_21_1234570.txt
  Ejecutando con semilla: 1234571, salida: /home/alazcano/Rescol_NM/Rescol_NM/prueba_automatizada/results/archivo_segmetación_Seg_21/archivo_segmetación_Seg_21_1234571.txt
  Ejecutando con semilla: 1234572, salida: /home/alazcano/Rescol_NM/Rescol_NM/prueba_automatizada/results/archivo_segmetación_Seg_21/archivo_segmetación_Seg_21_1234572.txt
  Ejecutando con semilla: 1234573, salida: /home/alazcano/Rescol_NM/Rescol_NM/prueba_automatizada/results/archivo_segmetación_Seg_21/archivo_segmetación_Seg_21_1234573.txt
  Ejecutando con semilla: 1234574, salida: /home/alazcano/Rescol_NM/Rescol_NM/prueba_automatizada/results/archivo_segmetación_Seg_21/archivo_segmetación_Seg_21_1234574.txt
  Ejecutando con semilla: 1234575, salida: /home/alazcano/Rescol_NM/Rescol_NM/prueba_automatizada/results/archivo_segmetación_Seg_21/archivo_segmetación_Seg_21_1234575.txt
  Ejecutando con semilla: 1234576, salida: /home/alazcano/Rescol_NM/Rescol_NM/prueba_automatizada/results/archivo_segmetación_Seg_21/archivo_segmetación_Seg_21_1234576.txt
  Ejecutando con semilla: 1234577, salida: /home/alazcano/Rescol_NM/Rescol_NM/prueba_automatizada/results/archivo_segmetación_Seg_21/archivo_segmetación_Seg_21_1234577.txt
  Ejecutando con semilla: 1234578, salida: /home/alazcano/Rescol_NM/Rescol_NM/prueba_automatizada/results/archivo_segmetación_Seg_21/archivo_segmetación_Seg_21_1234578.txt
  Ejecutando con semilla: 1234579, salida: /home/alazcano/Rescol_NM/Rescol_NM/prueba_automatizada/results/archivo_segmetación_Seg_21/archivo_segmetación_Seg_21_1234579.txt
  Ejecutando con semilla: 1234580, salida: /home/alazcano/Rescol_NM/Rescol_NM/prueba_automatizada/results/archivo_segmetación_Seg_21/archivo_segmetación_Seg_21_1234580.txt
  Ejecutando con semilla: 1234581, salida: /home/alazcano/Rescol_NM/Rescol_NM/prueba_automatizada/results/archivo_segmetación_Seg_21/archivo_segmetación_Seg_21_1234581.txt
  Ejecutando con semilla: 1234582, salida: /home/alazcano/Rescol_NM/Rescol_NM/prueba_automatizada/results/archivo_segmetación_Seg_21/archivo_segmetación_Seg_21_1234582.txt
  Ejecutando con semilla: 1234583, salida: /home/alazcano/Rescol_NM/Rescol_NM/prueba_automatizada/results/archivo_segmetación_Seg_21/archivo_segmetación_Seg_21_1234583.txt
  Ejecutando con semilla: 1234584, salida: /home/alazcano/Rescol_NM/Rescol_NM/prueba_automatizada/results/archivo_segmetación_Seg_21/archivo_segmetación_Seg_21_1234584.txt
  Ejecutando con semilla: 1234585, salida: /home/alazcano/Rescol_NM/Rescol_NM/prueba_automatizada/results/archivo_segmetación_Seg_21/archivo_segmetación_Seg_21_1234585.txt
  Ejecutando con semilla: 1234586, salida: /home/alazcano/Rescol_NM/Rescol_NM/prueba_automatizada/results/archivo_segmetación_Seg_21/archivo_segmetación_Seg_21_1234586.txt
Procesando instancia: archivo_segmetación_Seg_22
  Ejecutando con semilla: 1234567, salida: /home/alazcano/Rescol_NM/Rescol_NM/prueba_automatizada/results/archivo_segmetación_Seg_22/archivo_segmetación_Seg_22_1234567.txt
  Ejecutando con semilla: 1234568, salida: /home/alazcano/Rescol_NM/Rescol_NM/prueba_automatizada/results/archivo_segmetación_Seg_22/archivo_segmetación_Seg_22_1234568.txt
  Ejecutando con semilla: 1234569, salida: /home/alazcano/Rescol_NM/Rescol_NM/prueba_automatizada/results/archivo_segmetación_Seg_22/archivo_segmetación_Seg_22_1234569.txt
  Ejecutando con semilla: 1234570, salida: /home/alazcano/Rescol_NM/Rescol_NM/prueba_automatizada/results/archivo_segmetación_Seg_22/archivo_segmetación_Seg_22_1234570.txt
  Ejecutando con semilla: 1234571, salida: /home/alazcano/Rescol_NM/Rescol_NM/prueba_automatizada/results/archivo_segmetación_Seg_22/archivo_segmetación_Seg_22_1234571.txt
  Ejecutando con semilla: 1234572, salida: /home/alazcano/Rescol_NM/Rescol_NM/prueba_automatizada/results/archivo_segmetación_Seg_22/archivo_segmetación_Seg_22_1234572.txt
  Ejecutando con semilla: 1234573, salida: /home/alazcano/Rescol_NM/Rescol_NM/prueba_automatizada/results/archivo_segmetación_Seg_22/archivo_segmetación_Seg_22_1234573.txt
  Ejecutando con semilla: 1234574, salida: /home/alazcano/Rescol_NM/Rescol_NM/prueba_automatizada/results/archivo_segmetación_Seg_22/archivo_segmetación_Seg_22_1234574.txt
  Ejecutando con semilla: 1234575, salida: /home/alazcano/Rescol_NM/Rescol_NM/prueba_automatizada/results/archivo_segmetación_Seg_22/archivo_segmetación_Seg_22_1234575.txt
  Ejecutando con semilla: 1234576, salida: /home/alazcano/Rescol_NM/Rescol_NM/prueba_automatizada/results/archivo_segmetación_Seg_22/archivo_segmetación_Seg_22_1234576.txt
  Ejecutando con semilla: 1234577, salida: /home/alazcano/Rescol_NM/Rescol_NM/prueba_automatizada/results/archivo_segmetación_Seg_22/archivo_segmetación_Seg_22_1234577.txt
  Ejecutando con semilla: 1234578, salida: /home/alazcano/Rescol_NM/Rescol_NM/prueba_automatizada/results/archivo_segmetación_Seg_22/archivo_segmetación_Seg_22_1234578.txt
  Ejecutando con semilla: 1234579, salida: /home/alazcano/Rescol_NM/Rescol_NM/prueba_automatizada/results/archivo_segmetación_Seg_22/archivo_segmetación_Seg_22_1234579.txt
  Ejecutando con semilla: 1234580, salida: /home/alazcano/Rescol_NM/Rescol_NM/prueba_automatizada/results/archivo_segmetación_Seg_22/archivo_segmetación_Seg_22_1234580.txt
  Ejecutando con semilla: 1234581, salida: /home/alazcano/Rescol_NM/Rescol_NM/prueba_automatizada/results/archivo_segmetación_Seg_22/archivo_segmetación_Seg_22_1234581.txt
  Ejecutando con semilla: 1234582, salida: /home/alazcano/Rescol_NM/Rescol_NM/prueba_automatizada/results/archivo_segmetación_Seg_22/archivo_segmetación_Seg_22_1234582.txt
  Ejecutando con semilla: 1234583, salida: /home/alazcano/Rescol_NM/Rescol_NM/prueba_automatizada/results/archivo_segmetación_Seg_22/archivo_segmetación_Seg_22_1234583.txt
  Ejecutando con semilla: 1234584, salida: /home/alazcano/Rescol_NM/Rescol_NM/prueba_automatizada/results/archivo_segmetación_Seg_22/archivo_segmetación_Seg_22_1234584.txt
  Ejecutando con semilla: 1234585, salida: /home/alazcano/Rescol_NM/Rescol_NM/prueba_automatizada/results/archivo_segmetación_Seg_22/archivo_segmetación_Seg_22_1234585.txt
  Ejecutando con semilla: 1234586, salida: /home/alazcano/Rescol_NM/Rescol_NM/prueba_automatizada/results/archivo_segmetación_Seg_22/archivo_segmetación_Seg_22_1234586.txt
Procesando instancia: archivo_segmetación_Seg_23
  Ejecutando con semilla: 1234567, salida: /home/alazcano/Rescol_NM/Rescol_NM/prueba_automatizada/results/archivo_segmetación_Seg_23/archivo_segmetación_Seg_23_1234567.txt
  Ejecutando con semilla: 1234568, salida: /home/alazcano/Rescol_NM/Rescol_NM/prueba_automatizada/results/archivo_segmetación_Seg_23/archivo_segmetación_Seg_23_1234568.txt
  Ejecutando con semilla: 1234569, salida: /home/alazcano/Rescol_NM/Rescol_NM/prueba_automatizada/results/archivo_segmetación_Seg_23/archivo_segmetación_Seg_23_1234569.txt
  Ejecutando con semilla: 1234570, salida: /home/alazcano/Rescol_NM/Rescol_NM/prueba_automatizada/results/archivo_segmetación_Seg_23/archivo_segmetación_Seg_23_1234570.txt
  Ejecutando con semilla: 1234571, salida: /home/alazcano/Rescol_NM/Rescol_NM/prueba_automatizada/results/archivo_segmetación_Seg_23/archivo_segmetación_Seg_23_1234571.txt
  Ejecutando con semilla: 1234572, salida: /home/alazcano/Rescol_NM/Rescol_NM/prueba_automatizada/results/archivo_segmetación_Seg_23/archivo_segmetación_Seg_23_1234572.txt
  Ejecutando con semilla: 1234573, salida: /home/alazcano/Rescol_NM/Rescol_NM/prueba_automatizada/results/archivo_segmetación_Seg_23/archivo_segmetación_Seg_23_1234573.txt
  Ejecutando con semilla: 1234574, salida: /home/alazcano/Rescol_NM/Rescol_NM/prueba_automatizada/results/archivo_segmetación_Seg_23/archivo_segmetación_Seg_23_1234574.txt
  Ejecutando con semilla: 1234575, salida: /home/alazcano/Rescol_NM/Rescol_NM/prueba_automatizada/results/archivo_segmetación_Seg_23/archivo_segmetación_Seg_23_1234575.txt
  Ejecutando con semilla: 1234576, salida: /home/alazcano/Rescol_NM/Rescol_NM/prueba_automatizada/results/archivo_segmetación_Seg_23/archivo_segmetación_Seg_23_1234576.txt
  Ejecutando con semilla: 1234577, salida: /home/alazcano/Rescol_NM/Rescol_NM/prueba_automatizada/results/archivo_segmetación_Seg_23/archivo_segmetación_Seg_23_1234577.txt
  Ejecutando con semilla: 1234578, salida: /home/alazcano/Rescol_NM/Rescol_NM/prueba_automatizada/results/archivo_segmetación_Seg_23/archivo_segmetación_Seg_23_1234578.txt
  Ejecutando con semilla: 1234579, salida: /home/alazcano/Rescol_NM/Rescol_NM/prueba_automatizada/results/archivo_segmetación_Seg_23/archivo_segmetación_Seg_23_1234579.txt
  Ejecutando con semilla: 1234580, salida: /home/alazcano/Rescol_NM/Rescol_NM/prueba_automatizada/results/archivo_segmetación_Seg_23/archivo_segmetación_Seg_23_1234580.txt
  Ejecutando con semilla: 1234581, salida: /home/alazcano/Rescol_NM/Rescol_NM/prueba_automatizada/results/archivo_segmetación_Seg_23/archivo_segmetación_Seg_23_1234581.txt
  Ejecutando con semilla: 1234582, salida: /home/alazcano/Rescol_NM/Rescol_NM/prueba_automatizada/results/archivo_segmetación_Seg_23/archivo_segmetación_Seg_23_1234582.txt
  Ejecutando con semilla: 1234583, salida: /home/alazcano/Rescol_NM/Rescol_NM/prueba_automatizada/results/archivo_segmetación_Seg_23/archivo_segmetación_Seg_23_1234583.txt
  Ejecutando con semilla: 1234584, salida: /home/alazcano/Rescol_NM/Rescol_NM/prueba_automatizada/results/archivo_segmetación_Seg_23/archivo_segmetación_Seg_23_1234584.txt
  Ejecutando con semilla: 1234585, salida: /home/alazcano/Rescol_NM/Rescol_NM/prueba_automatizada/results/archivo_segmetación_Seg_23/archivo_segmetación_Seg_23_1234585.txt
  Ejecutando con semilla: 1234586, salida: /home/alazcano/Rescol_NM/Rescol_NM/prueba_automatizada/results/archivo_segmetación_Seg_23/archivo_segmetación_Seg_23_1234586.txt
Procesando instancia: archivo_segmetación_Seg_2
  Ejecutando con semilla: 1234567, salida: /home/alazcano/Rescol_NM/Rescol_NM/prueba_automatizada/results/archivo_segmetación_Seg_2/archivo_segmetación_Seg_2_1234567.txt
  Ejecutando con semilla: 1234568, salida: /home/alazcano/Rescol_NM/Rescol_NM/prueba_automatizada/results/archivo_segmetación_Seg_2/archivo_segmetación_Seg_2_1234568.txt
  Ejecutando con semilla: 1234569, salida: /home/alazcano/Rescol_NM/Rescol_NM/prueba_automatizada/results/archivo_segmetación_Seg_2/archivo_segmetación_Seg_2_1234569.txt
  Ejecutando con semilla: 1234570, salida: /home/alazcano/Rescol_NM/Rescol_NM/prueba_automatizada/results/archivo_segmetación_Seg_2/archivo_segmetación_Seg_2_1234570.txt
  Ejecutando con semilla: 1234571, salida: /home/alazcano/Rescol_NM/Rescol_NM/prueba_automatizada/results/archivo_segmetación_Seg_2/archivo_segmetación_Seg_2_1234571.txt
  Ejecutando con semilla: 1234572, salida: /home/alazcano/Rescol_NM/Rescol_NM/prueba_automatizada/results/archivo_segmetación_Seg_2/archivo_segmetación_Seg_2_1234572.txt
  Ejecutando con semilla: 1234573, salida: /home/alazcano/Rescol_NM/Rescol_NM/prueba_automatizada/results/archivo_segmetación_Seg_2/archivo_segmetación_Seg_2_1234573.txt
  Ejecutando con semilla: 1234574, salida: /home/alazcano/Rescol_NM/Rescol_NM/prueba_automatizada/results/archivo_segmetación_Seg_2/archivo_segmetación_Seg_2_1234574.txt
  Ejecutando con semilla: 1234575, salida: /home/alazcano/Rescol_NM/Rescol_NM/prueba_automatizada/results/archivo_segmetación_Seg_2/archivo_segmetación_Seg_2_1234575.txt
  Ejecutando con semilla: 1234576, salida: /home/alazcano/Rescol_NM/Rescol_NM/prueba_automatizada/results/archivo_segmetación_Seg_2/archivo_segmetación_Seg_2_1234576.txt
  Ejecutando con semilla: 1234577, salida: /home/alazcano/Rescol_NM/Rescol_NM/prueba_automatizada/results/archivo_segmetación_Seg_2/archivo_segmetación_Seg_2_1234577.txt
  Ejecutando con semilla: 1234578, salida: /home/alazcano/Rescol_NM/Rescol_NM/prueba_automatizada/results/archivo_segmetación_Seg_2/archivo_segmetación_Seg_2_1234578.txt
  Ejecutando con semilla: 1234579, salida: /home/alazcano/Rescol_NM/Rescol_NM/prueba_automatizada/results/archivo_segmetación_Seg_2/archivo_segmetación_Seg_2_1234579.txt
  Ejecutando con semilla: 1234580, salida: /home/alazcano/Rescol_NM/Rescol_NM/prueba_automatizada/results/archivo_segmetación_Seg_2/archivo_segmetación_Seg_2_1234580.txt
  Ejecutando con semilla: 1234581, salida: /home/alazcano/Rescol_NM/Rescol_NM/prueba_automatizada/results/archivo_segmetación_Seg_2/archivo_segmetación_Seg_2_1234581.txt
  Ejecutando con semilla: 1234582, salida: /home/alazcano/Rescol_NM/Rescol_NM/prueba_automatizada/results/archivo_segmetación_Seg_2/archivo_segmetación_Seg_2_1234582.txt
  Ejecutando con semilla: 1234583, salida: /home/alazcano/Rescol_NM/Rescol_NM/prueba_automatizada/results/archivo_segmetación_Seg_2/archivo_segmetación_Seg_2_1234583.txt
  Ejecutando con semilla: 1234584, salida: /home/alazcano/Rescol_NM/Rescol_NM/prueba_automatizada/results/archivo_segmetación_Seg_2/archivo_segmetación_Seg_2_1234584.txt
  Ejecutando con semilla: 1234585, salida: /home/alazcano/Rescol_NM/Rescol_NM/prueba_automatizada/results/archivo_segmetación_Seg_2/archivo_segmetación_Seg_2_1234585.txt
  Ejecutando con semilla: 1234586, salida: /home/alazcano/Rescol_NM/Rescol_NM/prueba_automatizada/results/archivo_segmetación_Seg_2/archivo_segmetación_Seg_2_1234586.txt
Procesando instancia: archivo_segmetación_Seg_3
  Ejecutando con semilla: 1234567, salida: /home/alazcano/Rescol_NM/Rescol_NM/prueba_automatizada/results/archivo_segmetación_Seg_3/archivo_segmetación_Seg_3_1234567.txt
  Ejecutando con semilla: 1234568, salida: /home/alazcano/Rescol_NM/Rescol_NM/prueba_automatizada/results/archivo_segmetación_Seg_3/archivo_segmetación_Seg_3_1234568.txt
  Ejecutando con semilla: 1234569, salida: /home/alazcano/Rescol_NM/Rescol_NM/prueba_automatizada/results/archivo_segmetación_Seg_3/archivo_segmetación_Seg_3_1234569.txt
  Ejecutando con semilla: 1234570, salida: /home/alazcano/Rescol_NM/Rescol_NM/prueba_automatizada/results/archivo_segmetación_Seg_3/archivo_segmetación_Seg_3_1234570.txt
  Ejecutando con semilla: 1234571, salida: /home/alazcano/Rescol_NM/Rescol_NM/prueba_automatizada/results/archivo_segmetación_Seg_3/archivo_segmetación_Seg_3_1234571.txt
  Ejecutando con semilla: 1234572, salida: /home/alazcano/Rescol_NM/Rescol_NM/prueba_automatizada/results/archivo_segmetación_Seg_3/archivo_segmetación_Seg_3_1234572.txt
  Ejecutando con semilla: 1234573, salida: /home/alazcano/Rescol_NM/Rescol_NM/prueba_automatizada/results/archivo_segmetación_Seg_3/archivo_segmetación_Seg_3_1234573.txt
  Ejecutando con semilla: 1234574, salida: /home/alazcano/Rescol_NM/Rescol_NM/prueba_automatizada/results/archivo_segmetación_Seg_3/archivo_segmetación_Seg_3_1234574.txt
  Ejecutando con semilla: 1234575, salida: /home/alazcano/Rescol_NM/Rescol_NM/prueba_automatizada/results/archivo_segmetación_Seg_3/archivo_segmetación_Seg_3_1234575.txt
  Ejecutando con semilla: 1234576, salida: /home/alazcano/Rescol_NM/Rescol_NM/prueba_automatizada/results/archivo_segmetación_Seg_3/archivo_segmetación_Seg_3_1234576.txt
  Ejecutando con semilla: 1234577, salida: /home/alazcano/Rescol_NM/Rescol_NM/prueba_automatizada/results/archivo_segmetación_Seg_3/archivo_segmetación_Seg_3_1234577.txt
  Ejecutando con semilla: 1234578, salida: /home/alazcano/Rescol_NM/Rescol_NM/prueba_automatizada/results/archivo_segmetación_Seg_3/archivo_segmetación_Seg_3_1234578.txt
  Ejecutando con semilla: 1234579, salida: /home/alazcano/Rescol_NM/Rescol_NM/prueba_automatizada/results/archivo_segmetación_Seg_3/archivo_segmetación_Seg_3_1234579.txt
  Ejecutando con semilla: 1234580, salida: /home/alazcano/Rescol_NM/Rescol_NM/prueba_automatizada/results/archivo_segmetación_Seg_3/archivo_segmetación_Seg_3_1234580.txt
  Ejecutando con semilla: 1234581, salida: /home/alazcano/Rescol_NM/Rescol_NM/prueba_automatizada/results/archivo_segmetación_Seg_3/archivo_segmetación_Seg_3_1234581.txt
  Ejecutando con semilla: 1234582, salida: /home/alazcano/Rescol_NM/Rescol_NM/prueba_automatizada/results/archivo_segmetación_Seg_3/archivo_segmetación_Seg_3_1234582.txt
  Ejecutando con semilla: 1234583, salida: /home/alazcano/Rescol_NM/Rescol_NM/prueba_automatizada/results/archivo_segmetación_Seg_3/archivo_segmetación_Seg_3_1234583.txt
  Ejecutando con semilla: 1234584, salida: /home/alazcano/Rescol_NM/Rescol_NM/prueba_automatizada/results/archivo_segmetación_Seg_3/archivo_segmetación_Seg_3_1234584.txt
  Ejecutando con semilla: 1234585, salida: /home/alazcano/Rescol_NM/Rescol_NM/prueba_automatizada/results/archivo_segmetación_Seg_3/archivo_segmetación_Seg_3_1234585.txt
  Ejecutando con semilla: 1234586, salida: /home/alazcano/Rescol_NM/Rescol_NM/prueba_automatizada/results/archivo_segmetación_Seg_3/archivo_segmetación_Seg_3_1234586.txt
Procesando instancia: archivo_segmetación_Seg_4
  Ejecutando con semilla: 1234567, salida: /home/alazcano/Rescol_NM/Rescol_NM/prueba_automatizada/results/archivo_segmetación_Seg_4/archivo_segmetación_Seg_4_1234567.txt
  Ejecutando con semilla: 1234568, salida: /home/alazcano/Rescol_NM/Rescol_NM/prueba_automatizada/results/archivo_segmetación_Seg_4/archivo_segmetación_Seg_4_1234568.txt
  Ejecutando con semilla: 1234569, salida: /home/alazcano/Rescol_NM/Rescol_NM/prueba_automatizada/results/archivo_segmetación_Seg_4/archivo_segmetación_Seg_4_1234569.txt
  Ejecutando con semilla: 1234570, salida: /home/alazcano/Rescol_NM/Rescol_NM/prueba_automatizada/results/archivo_segmetación_Seg_4/archivo_segmetación_Seg_4_1234570.txt
  Ejecutando con semilla: 1234571, salida: /home/alazcano/Rescol_NM/Rescol_NM/prueba_automatizada/results/archivo_segmetación_Seg_4/archivo_segmetación_Seg_4_1234571.txt
  Ejecutando con semilla: 1234572, salida: /home/alazcano/Rescol_NM/Rescol_NM/prueba_automatizada/results/archivo_segmetación_Seg_4/archivo_segmetación_Seg_4_1234572.txt
  Ejecutando con semilla: 1234573, salida: /home/alazcano/Rescol_NM/Rescol_NM/prueba_automatizada/results/archivo_segmetación_Seg_4/archivo_segmetación_Seg_4_1234573.txt
  Ejecutando con semilla: 1234574, salida: /home/alazcano/Rescol_NM/Rescol_NM/prueba_automatizada/results/archivo_segmetación_Seg_4/archivo_segmetación_Seg_4_1234574.txt
  Ejecutando con semilla: 1234575, salida: /home/alazcano/Rescol_NM/Rescol_NM/prueba_automatizada/results/archivo_segmetación_Seg_4/archivo_segmetación_Seg_4_1234575.txt
  Ejecutando con semilla: 1234576, salida: /home/alazcano/Rescol_NM/Rescol_NM/prueba_automatizada/results/archivo_segmetación_Seg_4/archivo_segmetación_Seg_4_1234576.txt
  Ejecutando con semilla: 1234577, salida: /home/alazcano/Rescol_NM/Rescol_NM/prueba_automatizada/results/archivo_segmetación_Seg_4/archivo_segmetación_Seg_4_1234577.txt
  Ejecutando con semilla: 1234578, salida: /home/alazcano/Rescol_NM/Rescol_NM/prueba_automatizada/results/archivo_segmetación_Seg_4/archivo_segmetación_Seg_4_1234578.txt
  Ejecutando con semilla: 1234579, salida: /home/alazcano/Rescol_NM/Rescol_NM/prueba_automatizada/results/archivo_segmetación_Seg_4/archivo_segmetación_Seg_4_1234579.txt
  Ejecutando con semilla: 1234580, salida: /home/alazcano/Rescol_NM/Rescol_NM/prueba_automatizada/results/archivo_segmetación_Seg_4/archivo_segmetación_Seg_4_1234580.txt
  Ejecutando con semilla: 1234581, salida: /home/alazcano/Rescol_NM/Rescol_NM/prueba_automatizada/results/archivo_segmetación_Seg_4/archivo_segmetación_Seg_4_1234581.txt
  Ejecutando con semilla: 1234582, salida: /home/alazcano/Rescol_NM/Rescol_NM/prueba_automatizada/results/archivo_segmetación_Seg_4/archivo_segmetación_Seg_4_1234582.txt
  Ejecutando con semilla: 1234583, salida: /home/alazcano/Rescol_NM/Rescol_NM/prueba_automatizada/results/archivo_segmetación_Seg_4/archivo_segmetación_Seg_4_1234583.txt
  Ejecutando con semilla: 1234584, salida: /home/alazcano/Rescol_NM/Rescol_NM/prueba_automatizada/results/archivo_segmetación_Seg_4/archivo_segmetación_Seg_4_1234584.txt
  Ejecutando con semilla: 1234585, salida: /home/alazcano/Rescol_NM/Rescol_NM/prueba_automatizada/results/archivo_segmetación_Seg_4/archivo_segmetación_Seg_4_1234585.txt
  Ejecutando con semilla: 1234586, salida: /home/alazcano/Rescol_NM/Rescol_NM/prueba_automatizada/results/archivo_segmetación_Seg_4/archivo_segmetación_Seg_4_1234586.txt
Procesando instancia: archivo_segmetación_Seg_5
  Ejecutando con semilla: 1234567, salida: /home/alazcano/Rescol_NM/Rescol_NM/prueba_automatizada/results/archivo_segmetación_Seg_5/archivo_segmetación_Seg_5_1234567.txt
  Ejecutando con semilla: 1234568, salida: /home/alazcano/Rescol_NM/Rescol_NM/prueba_automatizada/results/archivo_segmetación_Seg_5/archivo_segmetación_Seg_5_1234568.txt
  Ejecutando con semilla: 1234569, salida: /home/alazcano/Rescol_NM/Rescol_NM/prueba_automatizada/results/archivo_segmetación_Seg_5/archivo_segmetación_Seg_5_1234569.txt
  Ejecutando con semilla: 1234570, salida: /home/alazcano/Rescol_NM/Rescol_NM/prueba_automatizada/results/archivo_segmetación_Seg_5/archivo_segmetación_Seg_5_1234570.txt
  Ejecutando con semilla: 1234571, salida: /home/alazcano/Rescol_NM/Rescol_NM/prueba_automatizada/results/archivo_segmetación_Seg_5/archivo_segmetación_Seg_5_1234571.txt
  Ejecutando con semilla: 1234572, salida: /home/alazcano/Rescol_NM/Rescol_NM/prueba_automatizada/results/archivo_segmetación_Seg_5/archivo_segmetación_Seg_5_1234572.txt
  Ejecutando con semilla: 1234573, salida: /home/alazcano/Rescol_NM/Rescol_NM/prueba_automatizada/results/archivo_segmetación_Seg_5/archivo_segmetación_Seg_5_1234573.txt
  Ejecutando con semilla: 1234574, salida: /home/alazcano/Rescol_NM/Rescol_NM/prueba_automatizada/results/archivo_segmetación_Seg_5/archivo_segmetación_Seg_5_1234574.txt
  Ejecutando con semilla: 1234575, salida: /home/alazcano/Rescol_NM/Rescol_NM/prueba_automatizada/results/archivo_segmetación_Seg_5/archivo_segmetación_Seg_5_1234575.txt
  Ejecutando con semilla: 1234576, salida: /home/alazcano/Rescol_NM/Rescol_NM/prueba_automatizada/results/archivo_segmetación_Seg_5/archivo_segmetación_Seg_5_1234576.txt
  Ejecutando con semilla: 1234577, salida: /home/alazcano/Rescol_NM/Rescol_NM/prueba_automatizada/results/archivo_segmetación_Seg_5/archivo_segmetación_Seg_5_1234577.txt
  Ejecutando con semilla: 1234578, salida: /home/alazcano/Rescol_NM/Rescol_NM/prueba_automatizada/results/archivo_segmetación_Seg_5/archivo_segmetación_Seg_5_1234578.txt
  Ejecutando con semilla: 1234579, salida: /home/alazcano/Rescol_NM/Rescol_NM/prueba_automatizada/results/archivo_segmetación_Seg_5/archivo_segmetación_Seg_5_1234579.txt
  Ejecutando con semilla: 1234580, salida: /home/alazcano/Rescol_NM/Rescol_NM/prueba_automatizada/results/archivo_segmetación_Seg_5/archivo_segmetación_Seg_5_1234580.txt
  Ejecutando con semilla: 1234581, salida: /home/alazcano/Rescol_NM/Rescol_NM/prueba_automatizada/results/archivo_segmetación_Seg_5/archivo_segmetación_Seg_5_1234581.txt
  Ejecutando con semilla: 1234582, salida: /home/alazcano/Rescol_NM/Rescol_NM/prueba_automatizada/results/archivo_segmetación_Seg_5/archivo_segmetación_Seg_5_1234582.txt
  Ejecutando con semilla: 1234583, salida: /home/alazcano/Rescol_NM/Rescol_NM/prueba_automatizada/results/archivo_segmetación_Seg_5/archivo_segmetación_Seg_5_1234583.txt
  Ejecutando con semilla: 1234584, salida: /home/alazcano/Rescol_NM/Rescol_NM/prueba_automatizada/results/archivo_segmetación_Seg_5/archivo_segmetación_Seg_5_1234584.txt
  Ejecutando con semilla: 1234585, salida: /home/alazcano/Rescol_NM/Rescol_NM/prueba_automatizada/results/archivo_segmetación_Seg_5/archivo_segmetación_Seg_5_1234585.txt
  Ejecutando con semilla: 1234586, salida: /home/alazcano/Rescol_NM/Rescol_NM/prueba_automatizada/results/archivo_segmetación_Seg_5/archivo_segmetación_Seg_5_1234586.txt
Procesando instancia: archivo_segmetación_Seg_6
  Ejecutando con semilla: 1234567, salida: /home/alazcano/Rescol_NM/Rescol_NM/prueba_automatizada/results/archivo_segmetación_Seg_6/archivo_segmetación_Seg_6_1234567.txt
  Ejecutando con semilla: 1234568, salida: /home/alazcano/Rescol_NM/Rescol_NM/prueba_automatizada/results/archivo_segmetación_Seg_6/archivo_segmetación_Seg_6_1234568.txt
  Ejecutando con semilla: 1234569, salida: /home/alazcano/Rescol_NM/Rescol_NM/prueba_automatizada/results/archivo_segmetación_Seg_6/archivo_segmetación_Seg_6_1234569.txt
  Ejecutando con semilla: 1234570, salida: /home/alazcano/Rescol_NM/Rescol_NM/prueba_automatizada/results/archivo_segmetación_Seg_6/archivo_segmetación_Seg_6_1234570.txt
  Ejecutando con semilla: 1234571, salida: /home/alazcano/Rescol_NM/Rescol_NM/prueba_automatizada/results/archivo_segmetación_Seg_6/archivo_segmetación_Seg_6_1234571.txt
  Ejecutando con semilla: 1234572, salida: /home/alazcano/Rescol_NM/Rescol_NM/prueba_automatizada/results/archivo_segmetación_Seg_6/archivo_segmetación_Seg_6_1234572.txt
  Ejecutando con semilla: 1234573, salida: /home/alazcano/Rescol_NM/Rescol_NM/prueba_automatizada/results/archivo_segmetación_Seg_6/archivo_segmetación_Seg_6_1234573.txt
  Ejecutando con semilla: 1234574, salida: /home/alazcano/Rescol_NM/Rescol_NM/prueba_automatizada/results/archivo_segmetación_Seg_6/archivo_segmetación_Seg_6_1234574.txt
  Ejecutando con semilla: 1234575, salida: /home/alazcano/Rescol_NM/Rescol_NM/prueba_automatizada/results/archivo_segmetación_Seg_6/archivo_segmetación_Seg_6_1234575.txt
  Ejecutando con semilla: 1234576, salida: /home/alazcano/Rescol_NM/Rescol_NM/prueba_automatizada/results/archivo_segmetación_Seg_6/archivo_segmetación_Seg_6_1234576.txt
  Ejecutando con semilla: 1234577, salida: /home/alazcano/Rescol_NM/Rescol_NM/prueba_automatizada/results/archivo_segmetación_Seg_6/archivo_segmetación_Seg_6_1234577.txt
  Ejecutando con semilla: 1234578, salida: /home/alazcano/Rescol_NM/Rescol_NM/prueba_automatizada/results/archivo_segmetación_Seg_6/archivo_segmetación_Seg_6_1234578.txt
  Ejecutando con semilla: 1234579, salida: /home/alazcano/Rescol_NM/Rescol_NM/prueba_automatizada/results/archivo_segmetación_Seg_6/archivo_segmetación_Seg_6_1234579.txt
  Ejecutando con semilla: 1234580, salida: /home/alazcano/Rescol_NM/Rescol_NM/prueba_automatizada/results/archivo_segmetación_Seg_6/archivo_segmetación_Seg_6_1234580.txt
  Ejecutando con semilla: 1234581, salida: /home/alazcano/Rescol_NM/Rescol_NM/prueba_automatizada/results/archivo_segmetación_Seg_6/archivo_segmetación_Seg_6_1234581.txt
  Ejecutando con semilla: 1234582, salida: /home/alazcano/Rescol_NM/Rescol_NM/prueba_automatizada/results/archivo_segmetación_Seg_6/archivo_segmetación_Seg_6_1234582.txt
  Ejecutando con semilla: 1234583, salida: /home/alazcano/Rescol_NM/Rescol_NM/prueba_automatizada/results/archivo_segmetación_Seg_6/archivo_segmetación_Seg_6_1234583.txt
  Ejecutando con semilla: 1234584, salida: /home/alazcano/Rescol_NM/Rescol_NM/prueba_automatizada/results/archivo_segmetación_Seg_6/archivo_segmetación_Seg_6_1234584.txt
  Ejecutando con semilla: 1234585, salida: /home/alazcano/Rescol_NM/Rescol_NM/prueba_automatizada/results/archivo_segmetación_Seg_6/archivo_segmetación_Seg_6_1234585.txt
  Ejecutando con semilla: 1234586, salida: /home/alazcano/Rescol_NM/Rescol_NM/prueba_automatizada/results/archivo_segmetación_Seg_6/archivo_segmetación_Seg_6_1234586.txt
Procesando instancia: archivo_segmetación_Seg_7
  Ejecutando con semilla: 1234567, salida: /home/alazcano/Rescol_NM/Rescol_NM/prueba_automatizada/results/archivo_segmetación_Seg_7/archivo_segmetación_Seg_7_1234567.txt
  Ejecutando con semilla: 1234568, salida: /home/alazcano/Rescol_NM/Rescol_NM/prueba_automatizada/results/archivo_segmetación_Seg_7/archivo_segmetación_Seg_7_1234568.txt
  Ejecutando con semilla: 1234569, salida: /home/alazcano/Rescol_NM/Rescol_NM/prueba_automatizada/results/archivo_segmetación_Seg_7/archivo_segmetación_Seg_7_1234569.txt
  Ejecutando con semilla: 1234570, salida: /home/alazcano/Rescol_NM/Rescol_NM/prueba_automatizada/results/archivo_segmetación_Seg_7/archivo_segmetación_Seg_7_1234570.txt
  Ejecutando con semilla: 1234571, salida: /home/alazcano/Rescol_NM/Rescol_NM/prueba_automatizada/results/archivo_segmetación_Seg_7/archivo_segmetación_Seg_7_1234571.txt
  Ejecutando con semilla: 1234572, salida: /home/alazcano/Rescol_NM/Rescol_NM/prueba_automatizada/results/archivo_segmetación_Seg_7/archivo_segmetación_Seg_7_1234572.txt
  Ejecutando con semilla: 1234573, salida: /home/alazcano/Rescol_NM/Rescol_NM/prueba_automatizada/results/archivo_segmetación_Seg_7/archivo_segmetación_Seg_7_1234573.txt
  Ejecutando con semilla: 1234574, salida: /home/alazcano/Rescol_NM/Rescol_NM/prueba_automatizada/results/archivo_segmetación_Seg_7/archivo_segmetación_Seg_7_1234574.txt
  Ejecutando con semilla: 1234575, salida: /home/alazcano/Rescol_NM/Rescol_NM/prueba_automatizada/results/archivo_segmetación_Seg_7/archivo_segmetación_Seg_7_1234575.txt
  Ejecutando con semilla: 1234576, salida: /home/alazcano/Rescol_NM/Rescol_NM/prueba_automatizada/results/archivo_segmetación_Seg_7/archivo_segmetación_Seg_7_1234576.txt
  Ejecutando con semilla: 1234577, salida: /home/alazcano/Rescol_NM/Rescol_NM/prueba_automatizada/results/archivo_segmetación_Seg_7/archivo_segmetación_Seg_7_1234577.txt
  Ejecutando con semilla: 1234578, salida: /home/alazcano/Rescol_NM/Rescol_NM/prueba_automatizada/results/archivo_segmetación_Seg_7/archivo_segmetación_Seg_7_1234578.txt
  Ejecutando con semilla: 1234579, salida: /home/alazcano/Rescol_NM/Rescol_NM/prueba_automatizada/results/archivo_segmetación_Seg_7/archivo_segmetación_Seg_7_1234579.txt
  Ejecutando con semilla: 1234580, salida: /home/alazcano/Rescol_NM/Rescol_NM/prueba_automatizada/results/archivo_segmetación_Seg_7/archivo_segmetación_Seg_7_1234580.txt
  Ejecutando con semilla: 1234581, salida: /home/alazcano/Rescol_NM/Rescol_NM/prueba_automatizada/results/archivo_segmetación_Seg_7/archivo_segmetación_Seg_7_1234581.txt
  Ejecutando con semilla: 1234582, salida: /home/alazcano/Rescol_NM/Rescol_NM/prueba_automatizada/results/archivo_segmetación_Seg_7/archivo_segmetación_Seg_7_1234582.txt
  Ejecutando con semilla: 1234583, salida: /home/alazcano/Rescol_NM/Rescol_NM/prueba_automatizada/results/archivo_segmetación_Seg_7/archivo_segmetación_Seg_7_1234583.txt
  Ejecutando con semilla: 1234584, salida: /home/alazcano/Rescol_NM/Rescol_NM/prueba_automatizada/results/archivo_segmetación_Seg_7/archivo_segmetación_Seg_7_1234584.txt
  Ejecutando con semilla: 1234585, salida: /home/alazcano/Rescol_NM/Rescol_NM/prueba_automatizada/results/archivo_segmetación_Seg_7/archivo_segmetación_Seg_7_1234585.txt
  Ejecutando con semilla: 1234586, salida: /home/alazcano/Rescol_NM/Rescol_NM/prueba_automatizada/results/archivo_segmetación_Seg_7/archivo_segmetación_Seg_7_1234586.txt
Procesando instancia: archivo_segmetación_Seg_8
  Ejecutando con semilla: 1234567, salida: /home/alazcano/Rescol_NM/Rescol_NM/prueba_automatizada/results/archivo_segmetación_Seg_8/archivo_segmetación_Seg_8_1234567.txt
  Ejecutando con semilla: 1234568, salida: /home/alazcano/Rescol_NM/Rescol_NM/prueba_automatizada/results/archivo_segmetación_Seg_8/archivo_segmetación_Seg_8_1234568.txt
  Ejecutando con semilla: 1234569, salida: /home/alazcano/Rescol_NM/Rescol_NM/prueba_automatizada/results/archivo_segmetación_Seg_8/archivo_segmetación_Seg_8_1234569.txt
  Ejecutando con semilla: 1234570, salida: /home/alazcano/Rescol_NM/Rescol_NM/prueba_automatizada/results/archivo_segmetación_Seg_8/archivo_segmetación_Seg_8_1234570.txt
  Ejecutando con semilla: 1234571, salida: /home/alazcano/Rescol_NM/Rescol_NM/prueba_automatizada/results/archivo_segmetación_Seg_8/archivo_segmetación_Seg_8_1234571.txt
  Ejecutando con semilla: 1234572, salida: /home/alazcano/Rescol_NM/Rescol_NM/prueba_automatizada/results/archivo_segmetación_Seg_8/archivo_segmetación_Seg_8_1234572.txt
  Ejecutando con semilla: 1234573, salida: /home/alazcano/Rescol_NM/Rescol_NM/prueba_automatizada/results/archivo_segmetación_Seg_8/archivo_segmetación_Seg_8_1234573.txt
  Ejecutando con semilla: 1234574, salida: /home/alazcano/Rescol_NM/Rescol_NM/prueba_automatizada/results/archivo_segmetación_Seg_8/archivo_segmetación_Seg_8_1234574.txt
  Ejecutando con semilla: 1234575, salida: /home/alazcano/Rescol_NM/Rescol_NM/prueba_automatizada/results/archivo_segmetación_Seg_8/archivo_segmetación_Seg_8_1234575.txt
  Ejecutando con semilla: 1234576, salida: /home/alazcano/Rescol_NM/Rescol_NM/prueba_automatizada/results/archivo_segmetación_Seg_8/archivo_segmetación_Seg_8_1234576.txt
  Ejecutando con semilla: 1234577, salida: /home/alazcano/Rescol_NM/Rescol_NM/prueba_automatizada/results/archivo_segmetación_Seg_8/archivo_segmetación_Seg_8_1234577.txt
  Ejecutando con semilla: 1234578, salida: /home/alazcano/Rescol_NM/Rescol_NM/prueba_automatizada/results/archivo_segmetación_Seg_8/archivo_segmetación_Seg_8_1234578.txt
  Ejecutando con semilla: 1234579, salida: /home/alazcano/Rescol_NM/Rescol_NM/prueba_automatizada/results/archivo_segmetación_Seg_8/archivo_segmetación_Seg_8_1234579.txt
  Ejecutando con semilla: 1234580, salida: /home/alazcano/Rescol_NM/Rescol_NM/prueba_automatizada/results/archivo_segmetación_Seg_8/archivo_segmetación_Seg_8_1234580.txt
  Ejecutando con semilla: 1234581, salida: /home/alazcano/Rescol_NM/Rescol_NM/prueba_automatizada/results/archivo_segmetación_Seg_8/archivo_segmetación_Seg_8_1234581.txt
  Ejecutando con semilla: 1234582, salida: /home/alazcano/Rescol_NM/Rescol_NM/prueba_automatizada/results/archivo_segmetación_Seg_8/archivo_segmetación_Seg_8_1234582.txt
  Ejecutando con semilla: 1234583, salida: /home/alazcano/Rescol_NM/Rescol_NM/prueba_automatizada/results/archivo_segmetación_Seg_8/archivo_segmetación_Seg_8_1234583.txt
  Ejecutando con semilla: 1234584, salida: /home/alazcano/Rescol_NM/Rescol_NM/prueba_automatizada/results/archivo_segmetación_Seg_8/archivo_segmetación_Seg_8_1234584.txt
  Ejecutando con semilla: 1234585, salida: /home/alazcano/Rescol_NM/Rescol_NM/prueba_automatizada/results/archivo_segmetación_Seg_8/archivo_segmetación_Seg_8_1234585.txt
  Ejecutando con semilla: 1234586, salida: /home/alazcano/Rescol_NM/Rescol_NM/prueba_automatizada/results/archivo_segmetación_Seg_8/archivo_segmetación_Seg_8_1234586.txt
Procesando instancia: archivo_segmetación_Seg_9
  Ejecutando con semilla: 1234567, salida: /home/alazcano/Rescol_NM/Rescol_NM/prueba_automatizada/results/archivo_segmetación_Seg_9/archivo_segmetación_Seg_9_1234567.txt
  Ejecutando con semilla: 1234568, salida: /home/alazcano/Rescol_NM/Rescol_NM/prueba_automatizada/results/archivo_segmetación_Seg_9/archivo_segmetación_Seg_9_1234568.txt
  Ejecutando con semilla: 1234569, salida: /home/alazcano/Rescol_NM/Rescol_NM/prueba_automatizada/results/archivo_segmetación_Seg_9/archivo_segmetación_Seg_9_1234569.txt
  Ejecutando con semilla: 1234570, salida: /home/alazcano/Rescol_NM/Rescol_NM/prueba_automatizada/results/archivo_segmetación_Seg_9/archivo_segmetación_Seg_9_1234570.txt
  Ejecutando con semilla: 1234571, salida: /home/alazcano/Rescol_NM/Rescol_NM/prueba_automatizada/results/archivo_segmetación_Seg_9/archivo_segmetación_Seg_9_1234571.txt
  Ejecutando con semilla: 1234572, salida: /home/alazcano/Rescol_NM/Rescol_NM/prueba_automatizada/results/archivo_segmetación_Seg_9/archivo_segmetación_Seg_9_1234572.txt
  Ejecutando con semilla: 1234573, salida: /home/alazcano/Rescol_NM/Rescol_NM/prueba_automatizada/results/archivo_segmetación_Seg_9/archivo_segmetación_Seg_9_1234573.txt
  Ejecutando con semilla: 1234574, salida: /home/alazcano/Rescol_NM/Rescol_NM/prueba_automatizada/results/archivo_segmetación_Seg_9/archivo_segmetación_Seg_9_1234574.txt
  Ejecutando con semilla: 1234575, salida: /home/alazcano/Rescol_NM/Rescol_NM/prueba_automatizada/results/archivo_segmetación_Seg_9/archivo_segmetación_Seg_9_1234575.txt
  Ejecutando con semilla: 1234576, salida: /home/alazcano/Rescol_NM/Rescol_NM/prueba_automatizada/results/archivo_segmetación_Seg_9/archivo_segmetación_Seg_9_1234576.txt
  Ejecutando con semilla: 1234577, salida: /home/alazcano/Rescol_NM/Rescol_NM/prueba_automatizada/results/archivo_segmetación_Seg_9/archivo_segmetación_Seg_9_1234577.txt
  Ejecutando con semilla: 1234578, salida: /home/alazcano/Rescol_NM/Rescol_NM/prueba_automatizada/results/archivo_segmetación_Seg_9/archivo_segmetación_Seg_9_1234578.txt
  Ejecutando con semilla: 1234579, salida: /home/alazcano/Rescol_NM/Rescol_NM/prueba_automatizada/results/archivo_segmetación_Seg_9/archivo_segmetación_Seg_9_1234579.txt
  Ejecutando con semilla: 1234580, salida: /home/alazcano/Rescol_NM/Rescol_NM/prueba_automatizada/results/archivo_segmetación_Seg_9/archivo_segmetación_Seg_9_1234580.txt
  Ejecutando con semilla: 1234581, salida: /home/alazcano/Rescol_NM/Rescol_NM/prueba_automatizada/results/archivo_segmetación_Seg_9/archivo_segmetación_Seg_9_1234581.txt
  Ejecutando con semilla: 1234582, salida: /home/alazcano/Rescol_NM/Rescol_NM/prueba_automatizada/results/archivo_segmetación_Seg_9/archivo_segmetación_Seg_9_1234582.txt
  Ejecutando con semilla: 1234583, salida: /home/alazcano/Rescol_NM/Rescol_NM/prueba_automatizada/results/archivo_segmetación_Seg_9/archivo_segmetación_Seg_9_1234583.txt
  Ejecutando con semilla: 1234584, salida: /home/alazcano/Rescol_NM/Rescol_NM/prueba_automatizada/results/archivo_segmetación_Seg_9/archivo_segmetación_Seg_9_1234584.txt
  Ejecutando con semilla: 1234585, salida: /home/alazcano/Rescol_NM/Rescol_NM/prueba_automatizada/results/archivo_segmetación_Seg_9/archivo_segmetación_Seg_9_1234585.txt
  Ejecutando con semilla: 1234586, salida: /home/alazcano/Rescol_NM/Rescol_NM/prueba_automatizada/results/archivo_segmetación_Seg_9/archivo_segmetación_Seg_9_1234586.txt
_automatizada/results_2/archivo_segmetación_Seg_9/archivo_segmetación_Seg_9_1234581.txt
  Ejecutando con semilla: 1234582, salida: /home/alazcano/Rescol_NM/Rescol_NM/prueba_automatizada/results_2/archivo_segmetación_Seg_9/archivo_segmetación_Seg_9_1234582.txt
  Ejecutando con semilla: 1234583, salida: /home/alazcano/Rescol_NM/Rescol_NM/prueba_automatizada/results_2/archivo_segmetación_Seg_9/archivo_segmetación_Seg_9_1234583.txt
  Ejecutando con semilla: 1234584, salida: /home/alazcano/Rescol_NM/Rescol_NM/prueba_automatizada/results_2/archivo_segmetación_Seg_9/archivo_segmetación_Seg_9_1234584.txt
  Ejecutando con semilla: 1234585, salida: /home/alazcano/Rescol_NM/Rescol_NM/prueba_automatizada/results_2/archivo_segmetación_Seg_9/archivo_segmetación_Seg_9_1234585.txt
  Ejecutando con semilla: 1234586, salida: /home/alazcano/Rescol_NM/Rescol_NM/prueba_automatizada/results_2/archivo_segmetación_Seg_9/archivo_segmetación_Seg_9_1234586.txt
